Archive member included to satisfy reference by file (symbol)

C:/ST/STM32CubeIDE_2.1.0/STM32CubeIDE/plugins/com.st.stm32cube.ide.mcu.externaltools.gnu-tools-for-stm32.14.3.rel1.win32_1.0.100.202602081740/tools/bin/../lib/gcc/arm-none-eabi/14.3.1/../../../../arm-none-eabi/lib/thumb/v7e-m+fp/hard\libc_nano.a(libc_a-exit.o)
                              C:/ST/STM32CubeIDE_2.1.0/STM32CubeIDE/plugins/com.st.stm32cube.ide.mcu.externaltools.gnu-tools-for-stm32.14.3.rel1.win32_1.0.100.202602081740/tools/bin/../lib/gcc/arm-none-eabi/14.3.1/../../../../arm-none-eabi/lib/thumb/v7e-m+fp/hard/crt0.o (exit)
C:/ST/STM32CubeIDE_2.1.0/STM32CubeIDE/plugins/com.st.stm32cube.ide.mcu.externaltools.gnu-tools-for-stm32.14.3.rel1.win32_1.0.100.202602081740/tools/bin/../lib/gcc/arm-none-eabi/14.3.1/../../../../arm-none-eabi/lib/thumb/v7e-m+fp/hard\libc_nano.a(libc_a-findfp.o)
                              C:/ST/STM32CubeIDE_2.1.0/STM32CubeIDE/plugins/com.st.stm32cube.ide.mcu.externaltools.gnu-tools-for-stm32.14.3.rel1.win32_1.0.100.202602081740/tools/bin/../lib/gcc/arm-none-eabi/14.3.1/../../../../arm-none-eabi/lib/thumb/v7e-m+fp/hard\libc_nano.a(libc_a-exit.o) (__stdio_exit_handler)
C:/ST/STM32CubeIDE_2.1.0/STM32CubeIDE/plugins/com.st.stm32cube.ide.mcu.externaltools.gnu-tools-for-stm32.14.3.rel1.win32_1.0.100.202602081740/tools/bin/../lib/gcc/arm-none-eabi/14.3.1/../../../../arm-none-eabi/lib/thumb/v7e-m+fp/hard\libc_nano.a(libc_a-fwalk.o)
                              C:/ST/STM32CubeIDE_2.1.0/STM32CubeIDE/plugins/com.st.stm32cube.ide.mcu.externaltools.gnu-tools-for-stm32.14.3.rel1.win32_1.0.100.202602081740/tools/bin/../lib/gcc/arm-none-eabi/14.3.1/../../../../arm-none-eabi/lib/thumb/v7e-m+fp/hard\libc_nano.a(libc_a-findfp.o) (_fwalk_sglue)
C:/ST/STM32CubeIDE_2.1.0/STM32CubeIDE/plugins/com.st.stm32cube.ide.mcu.externaltools.gnu-tools-for-stm32.14.3.rel1.win32_1.0.100.202602081740/tools/bin/../lib/gcc/arm-none-eabi/14.3.1/../../../../arm-none-eabi/lib/thumb/v7e-m+fp/hard\libc_nano.a(libc_a-sprintf.o)
                              ./Core/Src/main.o (sprintf)
C:/ST/STM32CubeIDE_2.1.0/STM32CubeIDE/plugins/com.st.stm32cube.ide.mcu.externaltools.gnu-tools-for-stm32.14.3.rel1.win32_1.0.100.202602081740/tools/bin/../lib/gcc/arm-none-eabi/14.3.1/../../../../arm-none-eabi/lib/thumb/v7e-m+fp/hard\libc_nano.a(libc_a-stdio.o)
                              C:/ST/STM32CubeIDE_2.1.0/STM32CubeIDE/plugins/com.st.stm32cube.ide.mcu.externaltools.gnu-tools-for-stm32.14.3.rel1.win32_1.0.100.202602081740/tools/bin/../lib/gcc/arm-none-eabi/14.3.1/../../../../arm-none-eabi/lib/thumb/v7e-m+fp/hard\libc_nano.a(libc_a-findfp.o) (__sread)
C:/ST/STM32CubeIDE_2.1.0/STM32CubeIDE/plugins/com.st.stm32cube.ide.mcu.externaltools.gnu-tools-for-stm32.14.3.rel1.win32_1.0.100.202602081740/tools/bin/../lib/gcc/arm-none-eabi/14.3.1/../../../../arm-none-eabi/lib/thumb/v7e-m+fp/hard\libc_nano.a(libc_a-memset.o)
                              C:/ST/STM32CubeIDE_2.1.0/STM32CubeIDE/plugins/com.st.stm32cube.ide.mcu.externaltools.gnu-tools-for-stm32.14.3.rel1.win32_1.0.100.202602081740/tools/bin/../lib/gcc/arm-none-eabi/14.3.1/../../../../arm-none-eabi/lib/thumb/v7e-m+fp/hard/crt0.o (memset)
C:/ST/STM32CubeIDE_2.1.0/STM32CubeIDE/plugins/com.st.stm32cube.ide.mcu.externaltools.gnu-tools-for-stm32.14.3.rel1.win32_1.0.100.202602081740/tools/bin/../lib/gcc/arm-none-eabi/14.3.1/../../../../arm-none-eabi/lib/thumb/v7e-m+fp/hard\libc_nano.a(libc_a-closer.o)
                              C:/ST/STM32CubeIDE_2.1.0/STM32CubeIDE/plugins/com.st.stm32cube.ide.mcu.externaltools.gnu-tools-for-stm32.14.3.rel1.win32_1.0.100.202602081740/tools/bin/../lib/gcc/arm-none-eabi/14.3.1/../../../../arm-none-eabi/lib/thumb/v7e-m+fp/hard\libc_nano.a(libc_a-stdio.o) (_close_r)
C:/ST/STM32CubeIDE_2.1.0/STM32CubeIDE/plugins/com.st.stm32cube.ide.mcu.externaltools.gnu-tools-for-stm32.14.3.rel1.win32_1.0.100.202602081740/tools/bin/../lib/gcc/arm-none-eabi/14.3.1/../../../../arm-none-eabi/lib/thumb/v7e-m+fp/hard\libc_nano.a(libc_a-reent.o)
                              C:/ST/STM32CubeIDE_2.1.0/STM32CubeIDE/plugins/com.st.stm32cube.ide.mcu.externaltools.gnu-tools-for-stm32.14.3.rel1.win32_1.0.100.202602081740/tools/bin/../lib/gcc/arm-none-eabi/14.3.1/../../../../arm-none-eabi/lib/thumb/v7e-m+fp/hard\libc_nano.a(libc_a-closer.o) (errno)
C:/ST/STM32CubeIDE_2.1.0/STM32CubeIDE/plugins/com.st.stm32cube.ide.mcu.externaltools.gnu-tools-for-stm32.14.3.rel1.win32_1.0.100.202602081740/tools/bin/../lib/gcc/arm-none-eabi/14.3.1/../../../../arm-none-eabi/lib/thumb/v7e-m+fp/hard\libc_nano.a(libc_a-impure.o)
                              C:/ST/STM32CubeIDE_2.1.0/STM32CubeIDE/plugins/com.st.stm32cube.ide.mcu.externaltools.gnu-tools-for-stm32.14.3.rel1.win32_1.0.100.202602081740/tools/bin/../lib/gcc/arm-none-eabi/14.3.1/../../../../arm-none-eabi/lib/thumb/v7e-m+fp/hard\libc_nano.a(libc_a-sprintf.o) (_impure_ptr)
[...]
Memory Configuration

Name             Origin             Length             Attributes
RAM              0x20000000         0x00020000         xrw
FLASH            0x08000000         0x00080000         xr
*default*        0x00000000         0xffffffff

Linker script and memory map

LOAD C:/ST/STM32CubeIDE_2.1.0/STM32CubeIDE/plugins/com.st.stm32cube.ide.mcu.externaltools.gnu-tools-for-stm32.14.3.rel1.win32_1.0.100.202602081740/tools/bin/../lib/gcc/arm-none-eabi/14.3.1/thumb/v7e-m+fp/hard/crti.o
LOAD C:/ST/STM32CubeIDE_2.1.0/STM32CubeIDE/plugins/com.st.stm32cube.ide.mcu.externaltools.gnu-tools-for-stm32.14.3.rel1.win32_1.0.100.202602081740/tools/bin/../lib/gcc/arm-none-eabi/14.3.1/thumb/v7e-m+fp/hard/crtbegin.o
LOAD C:/ST/STM32CubeIDE_2.1.0/STM32CubeIDE/plugins/com.st.stm32cube.ide.mcu.externaltools.gnu-tools-for-stm32.14.3.rel1.win32_1.0.100.202602081740/tools/bin/../lib/gcc/arm-none-eabi/14.3.1/../../../../arm-none-eabi/lib/thumb/v7e-m+fp/hard/crt0.o
LOAD ./Core/Src/DFPLAYER.o
LOAD ./Core/Src/Flash.o
LOAD ./Core/Src/I2c.o
LOAD ./Core/Src/Led.o
LOAD ./Core/Src/Oled.o
LOAD ./Core/Src/RTC.o
LOAD ./Core/Src/freertos.o
LOAD ./Core/Src/main.o
LOAD ./Core/Src/stm32f4xx_hal_msp.o
LOAD ./Core/Src/stm32f4xx_hal_timebase_tim.o
LOAD ./Core/Src/stm32f4xx_it.o
LOAD ./Core/Src/syscalls.o
LOAD ./Core/Src/sysmem.o
LOAD ./Core/Src/system_stm32f4xx.o
LOAD ./Core/Startup/startup_stm32f411ceux.o
LOAD ./Drivers/STM32F4xx_HAL_Driver/Src/stm32f4xx_hal.o
LOAD ./Drivers/STM32F4xx_HAL_Driver/Src/stm32f4xx_hal_cortex.o
LOAD ./Drivers/STM32F4xx_HAL_Driver/Src/stm32f4xx_hal_dma.o
LOAD ./Drivers/STM32F4xx_HAL_Driver/Src/stm32f4xx_hal_dma_ex.o
LOAD ./Drivers/STM32F4xx_HAL_Driver/Src/stm32f4xx_hal_exti.o
LOAD ./Drivers/STM32F4xx_HAL_Driver/Src/stm32f4xx_hal_flash.o
LOAD ./Drivers/STM32F4xx_HAL_Driver/Src/stm32f4xx_hal_flash_ex.o
LOAD ./Drivers/STM32F4xx_HAL_Driver/Src/stm32f4xx_hal_flash_ramfunc.o
LOAD ./Drivers/STM32F4xx_HAL_Driver/Src/stm32f4xx_hal_gpio.o
LOAD ./Drivers/STM32F4xx_HAL_Driver/Src/stm32f4xx_hal_i2s.o
LOAD ./Drivers/STM32F4xx_HAL_Driver/Src/stm32f4xx_hal_i2s_ex.o
LOAD ./Drivers/STM32F4xx_HAL_Driver/Src/stm32f4xx_hal_pwr.o
LOAD ./Drivers/STM32F4xx_HAL_Driver/Src/stm32f4xx_hal_pwr_ex.o
LOAD ./Drivers/STM32F4xx_HAL_Driver/Src/stm32f4xx_hal_rcc.o
LOAD ./Drivers/STM32F4xx_HAL_Driver/Src/stm32f4xx_hal_rcc_ex.o
LOAD ./Drivers/STM32F4xx_HAL_Driver/Src/stm32f4xx_hal_tim.o
LOAD ./Drivers/STM32F4xx_HAL_Driver/Src/stm32f4xx_hal_tim_ex.o
LOAD ./Drivers/STM32F4xx_HAL_Driver/Src/stm32f4xx_hal_uart.o
LOAD ./Middlewares/Third_Party/FreeRTOS/Source/CMSIS_RTOS_V2/cmsis_os2.o
LOAD ./Middlewares/Third_Party/FreeRTOS/Source/croutine.o
LOAD ./Middlewares/Third_Party/FreeRTOS/Source/event_groups.o
LOAD ./Middlewares/Third_Party/FreeRTOS/Source/list.o
LOAD ./Middlewares/Third_Party/FreeRTOS/Source/queue.o
LOAD ./Middlewares/Third_Party/FreeRTOS/Source/stream_buffer.o
LOAD ./Middlewares/Third_Party/FreeRTOS/Source/tasks.o
LOAD ./Middlewares/Third_Party/FreeRTOS/Source/timers.o
LOAD ./Middlewares/Third_Party/FreeRTOS/Source/portable/GCC/ARM_CM4F/port.o
LOAD ./Middlewares/Third_Party/FreeRTOS/Source/portable/MemMang/heap_4.o
START GROUP
LOAD C:/ST/STM32CubeIDE_2.1.0/STM32CubeIDE/plugins/com.st.stm32cube.ide.mcu.externaltools.gnu-tools-for-stm32.14.3.rel1.win32_1.0.100.202602081740/tools/bin/../lib/gcc/arm-none-eabi/14.3.1/../../../../arm-none-eabi/lib/thumb/v7e-m+fp/hard\libc_nano.a
LOAD C:/ST/STM32CubeIDE_2.1.0/STM32CubeIDE/plugins/com.st.stm32cube.ide.mcu.externaltools.gnu-tools-for-stm32.14.3.rel1.win32_1.0.100.202602081740/tools/bin/../lib/gcc/arm-none-eabi/14.3.1/../../../../arm-none-eabi/lib/thumb/v7e-m+fp/hard\libm.a
END GROUP
START GROUP
LOAD C:/ST/STM32CubeIDE_2.1.0/STM32CubeIDE/plugins/com.st.stm32cube.ide.mcu.externaltools.gnu-tools-for-stm32.14.3.rel1.win32_1.0.100.202602081740/tools/bin/../lib/gcc/arm-none-eabi/14.3.1/thumb/v7e-m+fp/hard\libgcc.a
LOAD C:/ST/STM32CubeIDE_2.1.0/STM32CubeIDE/plugins/com.st.stm32cube.ide.mcu.externaltools.gnu-tools-for-stm32.14.3.rel1.win32_1.0.100.202602081740/tools/bin/../lib/gcc/arm-none-eabi/14.3.1/../../../../arm-none-eabi/lib/thumb/v7e-m+fp/hard\libc_nano.a
END GROUP
START GROUP
LOAD C:/ST/STM32CubeIDE_2.1.0/STM32CubeIDE/plugins/com.st.stm32cube.ide.mcu.externaltools.gnu-tools-for-stm32.14.3.rel1.win32_1.0.100.202602081740/tools/bin/../lib/gcc/arm-none-eabi/14.3.1/thumb/v7e-m+fp/hard\libgcc.a
LOAD C:/ST/STM32CubeIDE_2.1.0/STM32CubeIDE/plugins/com.st.stm32cube.ide.mcu.externaltools.gnu-tools-for-stm32.14.3.rel1.win32_1.0.100.202602081740/tools/bin/../lib/gcc/arm-none-eabi/14.3.1/../../../../arm-none-eabi/lib/thumb/v7e-m+fp/hard\libc_nano.a
LOAD C:/ST/STM32CubeIDE_2.1.0/STM32CubeIDE/plugins/com.st.stm32cube.ide.mcu.externaltools.gnu-tools-for-stm32.14.3.rel1.win32_1.0.100.202602081740/tools/bin/../lib/gcc/arm-none-eabi/14.3.1/../../../../arm-none-eabi/lib/thumb/v7e-m+fp/hard\libnosys.a
END GROUP
START GROUP
LOAD C:/ST/STM32CubeIDE_2.1.0/STM32CubeIDE/plugins/com.st.stm32cube.ide.mcu.externaltools.gnu-tools-for-stm32.14.3.rel1.win32_1.0.100.202602081740/tools/bin/../lib/gcc/arm-none-eabi/14.3.1/thumb/v7e-m+fp/hard\libgcc.a
LOAD C:/ST/STM32CubeIDE_2.1.0/STM32CubeIDE/plugins/com.st.stm32cube.ide.mcu.externaltools.gnu-tools-for-stm32.14.3.rel1.win32_1.0.100.202602081740/tools/bin/../lib/gcc/arm-none-eabi/14.3.1/../../../../arm-none-eabi/lib/thumb/v7e-m+fp/hard\libc_nano.a
LOAD C:/ST/STM32CubeIDE_2.1.0/STM32CubeIDE/plugins/com.st.stm32cube.ide.mcu.externaltools.gnu-tools-for-stm32.14.3.rel1.win32_1.0.100.202602081740/tools/bin/../lib/gcc/arm-none-eabi/14.3.1/../../../../arm-none-eabi/lib/thumb/v7e-m+fp/hard\libnosys.a
END GROUP
LOAD C:/ST/STM32CubeIDE_2.1.0/STM32CubeIDE/plugins/com.st.stm32cube.ide.mcu.externaltools.gnu-tools-for-stm32.14.3.rel1.win32_1.0.100.202602081740/tools/bin/../lib/gcc/arm-none-eabi/14.3.1/thumb/v7e-m+fp/hard/crtend.o
LOAD C:/ST/STM32CubeIDE_2.1.0/STM32CubeIDE/plugins/com.st.stm32cube.ide.mcu.externaltools.gnu-tools-for-stm32.14.3.rel1.win32_1.0.100.202602081740/tools/bin/../lib/gcc/arm-none-eabi/14.3.1/thumb/v7e-m+fp/hard/crtn.o
                0x20020000                        _estack = (ORIGIN (RAM) + LENGTH (RAM))
                0x00000200                        _Min_Heap_Size = 0x200
                0x00000400                        _Min_Stack_Size = 0x400

.isr_vector     0x08000000      0x198
                0x08000000                        . = ALIGN (0x4)
 *(.isr_vector)
 .isr_vector    0x08000000      0x198 ./Core/Startup/startup_stm32f411ceux.o
                0x08000000                g_pfnVectors
                0x08000198                        . = ALIGN (0x4)

.text           0x080001a0     0x9e20
                0x080001a0                        . = ALIGN (0x4)
 *(.text)
 .text          0x080001a0       0x40 C:/ST/STM32CubeIDE_2.1.0/STM32CubeIDE/plugins/com.st.stm32cube.ide.mcu.externaltools.gnu-tools-for-stm32.14.3.rel1.win32_1.0.100.202602081740/tools/bin/../lib/gcc/arm-none-eabi/14.3.1/thumb/v7e-m+fp/hard/crtbegin.o
 .text          0x080001e0       0xa0 C:/ST/STM32CubeIDE_2.1.0/STM32CubeIDE/plugins/com.st.stm32cube.ide.mcu.externaltools.gnu-tools-for-stm32.14.3.rel1.win32_1.0.100.202602081740/tools/bin/../lib/gcc/arm-none-eabi/14.3.1/../../../../arm-none-eabi/lib/thumb/v7e-m+fp/hard\libc_nano.a(libc_a-memchr.o)
                0x080001e0                memchr
 .text          0x08000280       0x30 C:/ST/STM32CubeIDE_2.1.0/STM32CubeIDE/plugins/com.st.stm32cube.ide.mcu.externaltools.gnu-tools-for-stm32.14.3.rel1.win32_1.0.100.202602081740/tools/bin/../lib/gcc/arm-none-eabi/14.3.1/thumb/v7e-m+fp/hard\libgcc.a(_aeabi_uldivmod.o)
                0x08000280                __aeabi_uldivmod
 .text          0x080002b0      0x2f8 C:/ST/STM32CubeIDE_2.1.0/STM32CubeIDE/plugins/com.st.stm32cube.ide.mcu.externaltools.gnu-tools-for-stm32.14.3.rel1.win32_1.0.100.202602081740/tools/bin/../lib/gcc/arm-none-eabi/14.3.1/thumb/v7e-m+fp/hard\libgcc.a(_udivmoddi4.o)
                0x080002b0                __udivmoddi4
 .text          0x080005a8        0x4 C:/ST/STM32CubeIDE_2.1.0/STM32CubeIDE/plugins/com.st.stm32cube.ide.mcu.externaltools.gnu-tools-for-stm32.14.3.rel1.win32_1.0.100.202602081740/tools/bin/../lib/gcc/arm-none-eabi/14.3.1/thumb/v7e-m+fp/hard\libgcc.a(_dvmd_tls.o)
                0x080005a8                __aeabi_idiv0
                0x080005a8                __aeabi_ldiv0
 *(.text*)
 .text.DFPLAYER_SendUART
                0x080005ac       0x22 ./Core/Src/DFPLAYER.o
 .text.DFPLAYER_Delay
                0x080005ce       0x1a ./Core/Src/DFPLAYER.o
 .text.DFPLAYER_GetChecksum
                0x080005e8       0x40 ./Core/Src/DFPLAYER.o
 .text.DFPLAYER_FillBigend
                0x08000628       0x2e ./Core/Src/DFPLAYER.o
 .text.DFPLAYER_FillChecksum
                0x08000656       0x2e ./Core/Src/DFPLAYER.o
 .text.DFPLAYER_SendCmd
                0x08000684       0x4a ./Core/Src/DFPLAYER.o
 *fill*         0x080006ce        0x2 
 .text.DFPLAYER_Init
                0x080006d0       0x48 ./Core/Src/DFPLAYER.o
                0x080006d0                DFPLAYER_Init
 .text.DFPLAYER_SetVolume
                0x08000718       0x30 ./Core/Src/DFPLAYER.o
                0x08000718                DFPLAYER_SetVolume
 .text.DFPLAYER_Stop
                0x08000748       0x1c ./Core/Src/DFPLAYER.o
                0x08000748                DFPLAYER_Stop
 .text.DFPLAYER_PlayFileInFolder
                0x08000764       0x26 ./Core/Src/DFPLAYER.o
                0x08000764                DFPLAYER_PlayFileInFolder
 *fill*         0x0800078a        0x2 
 .text.Erase_Secter
                0x0800078c       0xac ./Core/Src/Flash.o
                0x0800078c                Erase_Secter
 .text.Programing
                0x08000838       0xb0 ./Core/Src/Flash.o
                0x08000838                Programing
 .text.Read_Flash
                0x080008e8       0x40 ./Core/Src/Flash.o
                0x080008e8                Read_Flash
 .text.I2C_Init
                0x08000928      0x180 ./Core/Src/I2c.o
                0x08000928                I2C_Init
 .text.gui_du_lieu
                0x08000aa8       0xf8 ./Core/Src/I2c.o
                0x08000aa8                gui_du_lieu
 .text.nhan_du_lieu
                0x08000ba0      0x13c ./Core/Src/I2c.o
                0x08000ba0                nhan_du_lieu
 .text.set1_0   0x08000cdc       0x54 ./Core/Src/Led.o
                0x08000cdc                set1_0
 .text.gui_1_led
                0x08000d30       0x5c ./Core/Src/Led.o
                0x08000d30                gui_1_led
 .text.chot_du_lieu_led
                0x08000d8c       0x38 ./Core/Src/Led.o
                0x08000d8c                chot_du_lieu_led
 .text.gui      0x08000dc4       0x56 ./Core/Src/Led.o
                0x08000dc4                gui
 .text.I2C_write_lenh
                0x08000e1a       0x28 ./Core/Src/Oled.o
                0x08000e1a                I2C_write_lenh
 .text.I2C_write_dulieu
                0x08000e42       0x28 ./Core/Src/Oled.o
                0x08000e42                I2C_write_dulieu
 .text.OLED_init
                0x08000e6a       0xb6 ./Core/Src/Oled.o
                0x08000e6a                OLED_init
 .text.Clear_all
                0x08000f20       0x54 ./Core/Src/Oled.o
                0x08000f20                Clear_all
 .text.Clear_page
                0x08000f74       0x54 ./Core/Src/Oled.o
                0x08000f74                Clear_page
 .text.pos      0x08000fc8       0x44 ./Core/Src/Oled.o
                0x08000fc8                pos
 .text.poit_1   0x0800100c      0x13c ./Core/Src/Oled.o
                0x0800100c                poit_1
 .text.point_many
                0x08001148       0x3a ./Core/Src/Oled.o
                0x08001148                point_many
 *fill*         0x08001182        0x2 
 .text.oled_write_5x7
                0x08001184       0x68 ./Core/Src/Oled.o
                0x08001184                oled_write_5x7
 .text.oled_string_5x7
                0x080011ec       0x42 ./Core/Src/Oled.o
                0x080011ec                oled_string_5x7
 *fill*         0x0800122e        0x2 
 .text.Nhi_BCD  0x08001230       0x4c ./Core/Src/RTC.o
                0x08001230                Nhi_BCD
 .text.BCD_Nhi  0x0800127c       0x32 ./Core/Src/RTC.o
                0x0800127c                BCD_Nhi
 .text.cau_hinh
                0x080012ae       0x84 ./Core/Src/RTC.o
                0x080012ae                cau_hinh
 .text.doc      0x08001332       0xa0 ./Core/Src/RTC.o
                0x08001332                doc
 *fill*         0x080013d2        0x2 
 .text.chuyen_doi1
                0x080013d4       0x34 ./Core/Src/main.o
                0x080013d4                chuyen_doi1
 .text.HAL_GPIO_EXTI_Callback
                0x08001408       0x78 ./Core/Src/main.o
                0x08001408                HAL_GPIO_EXTI_Callback
 .text.Check_Button_Next
                0x08001480       0x70 ./Core/Src/main.o
                0x08001480                Check_Button_Next
 .text.turn_on_off
                0x080014f0       0x54 ./Core/Src/main.o
                0x080014f0                turn_on_off
 .text.main     0x08001544       0x80 ./Core/Src/main.o
                0x08001544                main
 .text.SystemClock_Config
                0x080015c4       0xd0 ./Core/Src/main.o
                0x080015c4                SystemClock_Config
 .text.MX_I2S2_Init
                0x08001694       0x5c ./Core/Src/main.o
 .text.MX_TIM2_Init
                0x080016f0       0xb0 ./Core/Src/main.o
 .text.MX_USART2_UART_Init
                0x080017a0       0x54 ./Core/Src/main.o
 .text.MX_DMA_Init
                0x080017f4       0x40 ./Core/Src/main.o
 .text.MX_GPIO_Init
                0x08001834      0x11c ./Core/Src/main.o
 .text.HAL_I2S_RxHalfCpltCallback
                0x08001950       0x2c ./Core/Src/main.o
                0x08001950                HAL_I2S_RxHalfCpltCallback
 .text.HAL_I2S_RxCpltCallback
                0x0800197c       0x2c ./Core/Src/main.o
                0x0800197c                HAL_I2S_RxCpltCallback
 .text.HAL_I2S_ErrorCallback
                0x080019a8       0x34 ./Core/Src/main.o
                0x080019a8                HAL_I2S_ErrorCallback
 .text.I2C_TimeTask
                0x080019dc      0xffc ./Core/Src/main.o
                0x080019dc                I2C_TimeTask
 .text.I2C_Time_ClockTask
                0x080029d8       0xe0 ./Core/Src/main.o
                0x080029d8                I2C_Time_ClockTask
 .text.I2S_ledTask
                0x08002ab8      0x144 ./Core/Src/main.o
                0x08002ab8                I2S_ledTask
 .text.HAL_TIM_PeriodElapsedCallback
                0x08002bfc       0x24 ./Core/Src/main.o
                0x08002bfc                HAL_TIM_PeriodElapsedCallback
 .text.Error_Handler
                0x08002c20        0xc ./Core/Src/main.o
                0x08002c20                Error_Handler
 .text.HAL_MspInit
                0x08002c2c       0x58 ./Core/Src/stm32f4xx_hal_msp.o
                0x08002c2c                HAL_MspInit
 .text.HAL_I2S_MspInit
                0x08002c84      0x130 ./Core/Src/stm32f4xx_hal_msp.o
                0x08002c84                HAL_I2S_MspInit
 .text.HAL_TIM_PWM_MspInit
                0x08002db4       0x40 ./Core/Src/stm32f4xx_hal_msp.o
                0x08002db4                HAL_TIM_PWM_MspInit
 .text.HAL_TIM_MspPostInit
                0x08002df4       0x70 ./Core/Src/stm32f4xx_hal_msp.o
                0x08002df4                HAL_TIM_MspPostInit
 .text.HAL_UART_MspInit
                0x08002e64       0x90 ./Core/Src/stm32f4xx_hal_msp.o
                0x08002e64                HAL_UART_MspInit
 .text.HAL_InitTick
                0x08002ef4       0xf8 ./Core/Src/stm32f4xx_hal_timebase_tim.o
                0x08002ef4                HAL_InitTick
 .text.NMI_Handler
                0x08002fec        0x8 ./Core/Src/stm32f4xx_it.o
                0x08002fec                NMI_Handler
 .text.HardFault_Handler
                0x08002ff4        0x8 ./Core/Src/stm32f4xx_it.o
                0x08002ff4                HardFault_Handler
 .text.MemManage_Handler
                0x08002ffc        0x8 ./Core/Src/stm32f4xx_it.o
                0x08002ffc                MemManage_Handler
 .text.BusFault_Handler
                0x08003004        0x8 ./Core/Src/stm32f4xx_it.o
                0x08003004                BusFault_Handler
 .text.UsageFault_Handler
                0x0800300c        0x8 ./Core/Src/stm32f4xx_it.o
                0x0800300c                UsageFault_Handler
 .text.DebugMon_Handler
                0x08003014        0xe ./Core/Src/stm32f4xx_it.o
                0x08003014                DebugMon_Handler
 *fill*         0x08003022        0x2 
 .text.DMA1_Stream3_IRQHandler
                0x08003024       0x14 ./Core/Src/stm32f4xx_it.o
                0x08003024                DMA1_Stream3_IRQHandler
 .text.EXTI9_5_IRQHandler
                0x08003038       0x10 ./Core/Src/stm32f4xx_it.o
                0x08003038                EXTI9_5_IRQHandler
 .text.TIM4_IRQHandler
                0x08003048       0x14 ./Core/Src/stm32f4xx_it.o
                0x08003048                TIM4_IRQHandler
 .text.EXTI15_10_IRQHandler
                0x0800305c       0x10 ./Core/Src/stm32f4xx_it.o
                0x0800305c                EXTI15_10_IRQHandler
 .text._sbrk    0x0800306c       0x6c ./Core/Src/sysmem.o
                0x0800306c                _sbrk
 .text.SystemInit
                0x080030d8       0x24 ./Core/Src/system_stm32f4xx.o
                0x080030d8                SystemInit
 .text.Reset_Handler
                0x080030fc       0x50 ./Core/Startup/startup_stm32f411ceux.o
                0x080030fc                Reset_Handler
 .text.Default_Handler
                0x0800314c        0x2 ./Core/Startup/startup_stm32f411ceux.o
                0x0800314c                RTC_Alarm_IRQHandler
                0x0800314c                EXTI2_IRQHandler
                0x0800314c                SPI4_IRQHandler
                0x0800314c                TIM1_CC_IRQHandler
                0x0800314c                DMA2_Stream5_IRQHandler
                0x0800314c                DMA1_Stream5_IRQHandler
                0x0800314c                PVD_IRQHandler
                0x0800314c                SDIO_IRQHandler
                0x0800314c                TAMP_STAMP_IRQHandler
                0x0800314c                EXTI3_IRQHandler
                0x0800314c                TIM1_UP_TIM10_IRQHandler
                0x0800314c                I2C3_ER_IRQHandler
                0x0800314c                EXTI0_IRQHandler
                0x0800314c                I2C2_EV_IRQHandler
                0x0800314c                DMA1_Stream2_IRQHandler
                0x0800314c                FPU_IRQHandler
                0x0800314c                DMA2_Stream2_IRQHandler
                0x0800314c                SPI1_IRQHandler
                0x0800314c                TIM1_BRK_TIM9_IRQHandler
                0x0800314c                DMA2_Stream3_IRQHandler
                0x0800314c                USART6_IRQHandler
                0x0800314c                DMA2_Stream0_IRQHandler
                0x0800314c                I2C1_EV_IRQHandler
                0x0800314c                DMA1_Stream6_IRQHandler
                0x0800314c                DMA1_Stream1_IRQHandler
                0x0800314c                TIM3_IRQHandler
                0x0800314c                RCC_IRQHandler
                0x0800314c                Default_Handler
                0x0800314c                ADC_IRQHandler
                0x0800314c                DMA1_Stream7_IRQHandler
                0x0800314c                SPI5_IRQHandler
                0x0800314c                TIM5_IRQHandler
                0x0800314c                DMA2_Stream7_IRQHandler
                0x0800314c                I2C3_EV_IRQHandler
                0x0800314c                RTC_WKUP_IRQHandler
                0x0800314c                SPI2_IRQHandler
                0x0800314c                DMA1_Stream0_IRQHandler
                0x0800314c                EXTI4_IRQHandler
                0x0800314c                WWDG_IRQHandler
                0x0800314c                TIM2_IRQHandler
                0x0800314c                OTG_FS_WKUP_IRQHandler
                0x0800314c                TIM1_TRG_COM_TIM11_IRQHandler
                0x0800314c                EXTI1_IRQHandler
                0x0800314c                USART2_IRQHandler
                0x0800314c                I2C2_ER_IRQHandler
                0x0800314c                DMA2_Stream1_IRQHandler
                0x0800314c                FLASH_IRQHandler
                0x0800314c                DMA2_Stream4_IRQHandler
                0x0800314c                USART1_IRQHandler
                0x0800314c                OTG_FS_IRQHandler
                0x0800314c                SPI3_IRQHandler
                0x0800314c                DMA1_Stream4_IRQHandler
                0x0800314c                I2C1_ER_IRQHandler
                0x0800314c                DMA2_Stream6_IRQHandler
 *fill*         0x0800314e        0x2 
 .text.HAL_Init
                0x08003150       0x44 ./Drivers/STM32F4xx_HAL_Driver/Src/stm32f4xx_hal.o
                0x08003150                HAL_Init
 .text.HAL_IncTick
                0x08003194       0x28 ./Drivers/STM32F4xx_HAL_Driver/Src/stm32f4xx_hal.o
                0x08003194                HAL_IncTick
 .text.HAL_GetTick
                0x080031bc       0x18 ./Drivers/STM32F4xx_HAL_Driver/Src/stm32f4xx_hal.o
                0x080031bc                HAL_GetTick
 .text.__NVIC_SetPriorityGrouping
                0x080031d4       0x48 ./Drivers/STM32F4xx_HAL_Driver/Src/stm32f4xx_hal_cortex.o
 .text.__NVIC_GetPriorityGrouping
                0x0800321c       0x1c ./Drivers/STM32F4xx_HAL_Driver/Src/stm32f4xx_hal_cortex.o
 .text.__NVIC_EnableIRQ
                0x08003238       0x3c ./Drivers/STM32F4xx_HAL_Driver/Src/stm32f4xx_hal_cortex.o
 .text.__NVIC_SetPriority
                0x08003274       0x54 ./Drivers/STM32F4xx_HAL_Driver/Src/stm32f4xx_hal_cortex.o
 .text.NVIC_EncodePriority
                0x080032c8       0x66 ./Drivers/STM32F4xx_HAL_Driver/Src/stm32f4xx_hal_cortex.o
 .text.HAL_NVIC_SetPriorityGrouping
                0x0800332e       0x16 ./Drivers/STM32F4xx_HAL_Driver/Src/stm32f4xx_hal_cortex.o
                0x0800332e                HAL_NVIC_SetPriorityGrouping
 .text.HAL_NVIC_SetPriority
                0x08003344       0x38 ./Drivers/STM32F4xx_HAL_Driver/Src/stm32f4xx_hal_cortex.o
                0x08003344                HAL_NVIC_SetPriority
 .text.HAL_NVIC_EnableIRQ
                0x0800337c       0x1c ./Drivers/STM32F4xx_HAL_Driver/Src/stm32f4xx_hal_cortex.o
                0x0800337c                HAL_NVIC_EnableIRQ
 .text.HAL_DMA_Init
                0x08003398      0x15c ./Drivers/STM32F4xx_HAL_Driver/Src/stm32f4xx_hal_dma.o
                0x08003398                HAL_DMA_Init
 .text.HAL_DMA_Start_IT
                0x080034f4       0xb0 ./Drivers/STM32F4xx_HAL_Driver/Src/stm32f4xx_hal_dma.o
                0x080034f4                HAL_DMA_Start_IT
 .text.HAL_DMA_IRQHandler
                0x080035a4      0x314 ./Drivers/STM32F4xx_HAL_Driver/Src/stm32f4xx_hal_dma.o
                0x080035a4                HAL_DMA_IRQHandler
 .text.DMA_SetConfig
                0x080038b8       0x5c ./Drivers/STM32F4xx_HAL_Driver/Src/stm32f4xx_hal_dma.o
 .text.DMA_CalcBaseAndBitshift
                0x08003914       0x6c ./Drivers/STM32F4xx_HAL_Driver/Src/stm32f4xx_hal_dma.o
 .text.DMA_CheckFifoParam
                0x08003980       0xf8 ./Drivers/STM32F4xx_HAL_Driver/Src/stm32f4xx_hal_dma.o
 .text.HAL_GPIO_Init
                0x08003a78      0x308 ./Drivers/STM32F4xx_HAL_Driver/Src/stm32f4xx_hal_gpio.o
                0x08003a78                HAL_GPIO_Init
 .text.HAL_GPIO_ReadPin
                0x08003d80       0x30 ./Drivers/STM32F4xx_HAL_Driver/Src/stm32f4xx_hal_gpio.o
                0x08003d80                HAL_GPIO_ReadPin
 .text.HAL_GPIO_WritePin
                0x08003db0       0x32 ./Drivers/STM32F4xx_HAL_Driver/Src/stm32f4xx_hal_gpio.o
                0x08003db0                HAL_GPIO_WritePin
 *fill*         0x08003de2        0x2 
 .text.HAL_GPIO_EXTI_IRQHandler
                0x08003de4       0x30 ./Drivers/STM32F4xx_HAL_Driver/Src/stm32f4xx_hal_gpio.o
                0x08003de4                HAL_GPIO_EXTI_IRQHandler
 .text.HAL_I2S_Init
                0x08003e14      0x280 ./Drivers/STM32F4xx_HAL_Driver/Src/stm32f4xx_hal_i2s.o
                0x08003e14                HAL_I2S_Init
 .text.HAL_I2S_Receive_DMA
                0x08004094      0x170 ./Drivers/STM32F4xx_HAL_Driver/Src/stm32f4xx_hal_i2s.o
                0x08004094                HAL_I2S_Receive_DMA
 .text.HAL_I2S_TxCpltCallback
                0x08004204       0x14 ./Drivers/STM32F4xx_HAL_Driver/Src/stm32f4xx_hal_i2s.o
                0x08004204                HAL_I2S_TxCpltCallback
 .text.I2S_DMARxCplt
                0x08004218       0x42 ./Drivers/STM32F4xx_HAL_Driver/Src/stm32f4xx_hal_i2s.o
 .text.I2S_DMARxHalfCplt
                0x0800425a       0x1c ./Drivers/STM32F4xx_HAL_Driver/Src/stm32f4xx_hal_i2s.o
 .text.I2S_DMAError
                0x08004276       0x4c ./Drivers/STM32F4xx_HAL_Driver/Src/stm32f4xx_hal_i2s.o
 .text.I2S_Transmit_IT
                0x080042c2       0x5c ./Drivers/STM32F4xx_HAL_Driver/Src/stm32f4xx_hal_i2s.o
 .text.I2S_Receive_IT
                0x0800431e       0x5e ./Drivers/STM32F4xx_HAL_Driver/Src/stm32f4xx_hal_i2s.o
 .text.I2S_IRQHandler
                0x0800437c      0x114 ./Drivers/STM32F4xx_HAL_Driver/Src/stm32f4xx_hal_i2s.o
 .text.HAL_I2SEx_FullDuplex_IRQHandler
                0x08004490      0x2a8 ./Drivers/STM32F4xx_HAL_Driver/Src/stm32f4xx_hal_i2s_ex.o
                0x08004490                HAL_I2SEx_FullDuplex_IRQHandler
 .text.HAL_I2SEx_TxRxCpltCallback
                0x08004738       0x14 ./Drivers/STM32F4xx_HAL_Driver/Src/stm32f4xx_hal_i2s_ex.o
                0x08004738                HAL_I2SEx_TxRxCpltCallback
 .text.I2SEx_TxISR_I2S
                0x0800474c       0x62 ./Drivers/STM32F4xx_HAL_Driver/Src/stm32f4xx_hal_i2s_ex.o
 *fill*         0x080047ae        0x2 
 .text.I2SEx_TxISR_I2SExt
                0x080047b0       0x98 ./Drivers/STM32F4xx_HAL_Driver/Src/stm32f4xx_hal_i2s_ex.o
 .text.I2SEx_RxISR_I2S
                0x08004848       0x64 ./Drivers/STM32F4xx_HAL_Driver/Src/stm32f4xx_hal_i2s_ex.o
 .text.I2SEx_RxISR_I2SExt
                0x080048ac       0x98 ./Drivers/STM32F4xx_HAL_Driver/Src/stm32f4xx_hal_i2s_ex.o
 .text.HAL_RCC_OscConfig
                0x08004944      0x4f0 ./Drivers/STM32F4xx_HAL_Driver/Src/stm32f4xx_hal_rcc.o
                0x08004944                HAL_RCC_OscConfig
 .text.HAL_RCC_ClockConfig
                0x08004e34      0x1cc ./Drivers/STM32F4xx_HAL_Driver/Src/stm32f4xx_hal_rcc.o
                0x08004e34                HAL_RCC_ClockConfig
 .text.HAL_RCC_GetSysClockFreq
                0x08005000      0x188 ./Drivers/STM32F4xx_HAL_Driver/Src/stm32f4xx_hal_rcc.o
                0x08005000                HAL_RCC_GetSysClockFreq
 .text.HAL_RCC_GetHCLKFreq
                0x08005188       0x18 ./Drivers/STM32F4xx_HAL_Driver/Src/stm32f4xx_hal_rcc.o
                0x08005188                HAL_RCC_GetHCLKFreq
 .text.HAL_RCC_GetPCLK1Freq
                0x080051a0       0x28 ./Drivers/STM32F4xx_HAL_Driver/Src/stm32f4xx_hal_rcc.o
                0x080051a0                HAL_RCC_GetPCLK1Freq
 .text.HAL_RCC_GetPCLK2Freq
                0x080051c8       0x28 ./Drivers/STM32F4xx_HAL_Driver/Src/stm32f4xx_hal_rcc.o
                0x080051c8                HAL_RCC_GetPCLK2Freq
 .text.HAL_RCC_GetClockConfig
                0x080051f0       0x64 ./Drivers/STM32F4xx_HAL_Driver/Src/stm32f4xx_hal_rcc.o
                0x080051f0                HAL_RCC_GetClockConfig
 .text.HAL_RCCEx_PeriphCLKConfig
                0x08005254      0x1e0 ./Drivers/STM32F4xx_HAL_Driver/Src/stm32f4xx_hal_rcc_ex.o
                0x08005254                HAL_RCCEx_PeriphCLKConfig
 .text.HAL_RCCEx_GetPeriphCLKFreq
                0x08005434       0xc4 ./Drivers/STM32F4xx_HAL_Driver/Src/stm32f4xx_hal_rcc_ex.o
                0x08005434                HAL_RCCEx_GetPeriphCLKFreq
 .text.HAL_TIM_Base_Init
                0x080054f8       0x9e ./Drivers/STM32F4xx_HAL_Driver/Src/stm32f4xx_hal_tim.o
                0x080054f8                HAL_TIM_Base_Init
 .text.HAL_TIM_Base_MspInit
                0x08005596       0x14 ./Drivers/STM32F4xx_HAL_Driver/Src/stm32f4xx_hal_tim.o
                0x08005596                HAL_TIM_Base_MspInit
 *fill*         0x080055aa        0x2 
 .text.HAL_TIM_Base_Start_IT
                0x080055ac       0xc4 ./Drivers/STM32F4xx_HAL_Driver/Src/stm32f4xx_hal_tim.o
                0x080055ac                HAL_TIM_Base_Start_IT
 .text.HAL_TIM_PWM_Init
                0x08005670       0x9e ./Drivers/STM32F4xx_HAL_Driver/Src/stm32f4xx_hal_tim.o
                0x08005670                HAL_TIM_PWM_Init
 *fill*         0x0800570e        0x2 
 .text.HAL_TIM_PWM_Start
                0x08005710      0x160 ./Drivers/STM32F4xx_HAL_Driver/Src/stm32f4xx_hal_tim.o
                0x08005710                HAL_TIM_PWM_Start
 .text.HAL_TIM_IRQHandler
                0x08005870      0x1e0 ./Drivers/STM32F4xx_HAL_Driver/Src/stm32f4xx_hal_tim.o
                0x08005870                HAL_TIM_IRQHandler
 .text.HAL_TIM_PWM_ConfigChannel
                0x08005a50      0x184 ./Drivers/STM32F4xx_HAL_Driver/Src/stm32f4xx_hal_tim.o
                0x08005a50                HAL_TIM_PWM_ConfigChannel
 .text.HAL_TIM_OC_DelayElapsedCallback
                0x08005bd4       0x14 ./Drivers/STM32F4xx_HAL_Driver/Src/stm32f4xx_hal_tim.o
                0x08005bd4                HAL_TIM_OC_DelayElapsedCallback
 .text.HAL_TIM_IC_CaptureCallback
                0x08005be8       0x14 ./Drivers/STM32F4xx_HAL_Driver/Src/stm32f4xx_hal_tim.o
                0x08005be8                HAL_TIM_IC_CaptureCallback
 .text.HAL_TIM_PWM_PulseFinishedCallback
                0x08005bfc       0x14 ./Drivers/STM32F4xx_HAL_Driver/Src/stm32f4xx_hal_tim.o
                0x08005bfc                HAL_TIM_PWM_PulseFinishedCallback
 .text.HAL_TIM_TriggerCallback
                0x08005c10       0x14 ./Drivers/STM32F4xx_HAL_Driver/Src/stm32f4xx_hal_tim.o
                0x08005c10                HAL_TIM_TriggerCallback
 .text.TIM_Base_SetConfig
                0x08005c24      0x10c ./Drivers/STM32F4xx_HAL_Driver/Src/stm32f4xx_hal_tim.o
                0x08005c24                TIM_Base_SetConfig
 .text.TIM_OC1_SetConfig
                0x08005d30       0xcc ./Drivers/STM32F4xx_HAL_Driver/Src/stm32f4xx_hal_tim.o
 .text.TIM_OC2_SetConfig
                0x08005dfc       0xd8 ./Drivers/STM32F4xx_HAL_Driver/Src/stm32f4xx_hal_tim.o
                0x08005dfc                TIM_OC2_SetConfig
 .text.TIM_OC3_SetConfig
                0x08005ed4       0xd4 ./Drivers/STM32F4xx_HAL_Driver/Src/stm32f4xx_hal_tim.o
 .text.TIM_OC4_SetConfig
                0x08005fa8       0xa0 ./Drivers/STM32F4xx_HAL_Driver/Src/stm32f4xx_hal_tim.o
 .text.TIM_CCxChannelCmd
                0x08006048       0x4a ./Drivers/STM32F4xx_HAL_Driver/Src/stm32f4xx_hal_tim.o
                0x08006048                TIM_CCxChannelCmd
 *fill*         0x08006092        0x2 
 .text.HAL_TIMEx_MasterConfigSynchronization
                0x08006094       0xdc ./Drivers/STM32F4xx_HAL_Driver/Src/stm32f4xx_hal_tim_ex.o
                0x08006094                HAL_TIMEx_MasterConfigSynchronization
 .text.HAL_TIMEx_CommutCallback
                0x08006170       0x14 ./Drivers/STM32F4xx_HAL_Driver/Src/stm32f4xx_hal_tim_ex.o
                0x08006170                HAL_TIMEx_CommutCallback
 .text.HAL_TIMEx_BreakCallback
                0x08006184       0x14 ./Drivers/STM32F4xx_HAL_Driver/Src/stm32f4xx_hal_tim_ex.o
                0x08006184                HAL_TIMEx_BreakCallback
 .text.HAL_UART_Init
                0x08006198       0xa0 ./Drivers/STM32F4xx_HAL_Driver/Src/stm32f4xx_hal_uart.o
                0x08006198                HAL_UART_Init
 .text.HAL_UART_Transmit
                0x08006238      0x116 ./Drivers/STM32F4xx_HAL_Driver/Src/stm32f4xx_hal_uart.o
                0x08006238                HAL_UART_Transmit
 .text.UART_WaitOnFlagUntilTimeout
                0x0800634e       0xb2 ./Drivers/STM32F4xx_HAL_Driver/Src/stm32f4xx_hal_uart.o
 .text.UART_EndRxTransfer
                0x08006400       0xc6 ./Drivers/STM32F4xx_HAL_Driver/Src/stm32f4xx_hal_uart.o
 *fill*         0x080064c6        0x2 
 .text.UART_SetConfig
                0x080064c8      0x4e8 ./Drivers/STM32F4xx_HAL_Driver/Src/stm32f4xx_hal_uart.o
 .text.__NVIC_SetPriority
                0x080069b0       0x54 ./Middlewares/Third_Party/FreeRTOS/Source/CMSIS_RTOS_V2/cmsis_os2.o
 .text.SysTick_Handler
                0x08006a04       0x20 ./Middlewares/Third_Party/FreeRTOS/Source/CMSIS_RTOS_V2/cmsis_os2.o
                0x08006a04                SysTick_Handler
 .text.SVC_Setup
                0x08006a24       0x12 ./Middlewares/Third_Party/FreeRTOS/Source/CMSIS_RTOS_V2/cmsis_os2.o
 *fill*         0x08006a36        0x2 
 .text.osKernelInitialize
                0x08006a38       0x48 ./Middlewares/Third_Party/FreeRTOS/Source/CMSIS_RTOS_V2/cmsis_os2.o
                0x08006a38                osKernelInitialize
 .text.osKernelStart
                0x08006a80       0x4c ./Middlewares/Third_Party/FreeRTOS/Source/CMSIS_RTOS_V2/cmsis_os2.o
                0x08006a80                osKernelStart
 .text.osThreadNew
                0x08006acc      0x124 ./Middlewares/Third_Party/FreeRTOS/Source/CMSIS_RTOS_V2/cmsis_os2.o
                0x08006acc                osThreadNew
 .text.osDelay  0x08006bf0       0x36 ./Middlewares/Third_Party/FreeRTOS/Source/CMSIS_RTOS_V2/cmsis_os2.o
                0x08006bf0                osDelay
 *fill*         0x08006c26        0x2 
 .text.vApplicationGetIdleTaskMemory
                0x08006c28       0x34 ./Middlewares/Third_Party/FreeRTOS/Source/CMSIS_RTOS_V2/cmsis_os2.o
                0x08006c28                vApplicationGetIdleTaskMemory
 .text.vApplicationGetTimerTaskMemory
                0x08006c5c       0x34 ./Middlewares/Third_Party/FreeRTOS/Source/CMSIS_RTOS_V2/cmsis_os2.o
                0x08006c5c                vApplicationGetTimerTaskMemory
 .text.vListInitialise
                0x08006c90       0x40 ./Middlewares/Third_Party/FreeRTOS/Source/list.o
                0x08006c90                vListInitialise
 .text.vListInitialiseItem
                0x08006cd0       0x1a ./Middlewares/Third_Party/FreeRTOS/Source/list.o
                0x08006cd0                vListInitialiseItem
 .text.vListInsertEnd
                0x08006cea       0x48 ./Middlewares/Third_Party/FreeRTOS/Source/list.o
                0x08006cea                vListInsertEnd
 .text.vListInsert
                0x08006d32       0x72 ./Middlewares/Third_Party/FreeRTOS/Source/list.o
                0x08006d32                vListInsert
 .text.uxListRemove
                0x08006da4       0x54 ./Middlewares/Third_Party/FreeRTOS/Source/list.o
                0x08006da4                uxListRemove
 .text.xQueueGenericReset
                0x08006df8       0xd4 ./Middlewares/Third_Party/FreeRTOS/Source/queue.o
                0x08006df8                xQueueGenericReset
 .text.xQueueGenericCreateStatic
                0x08006ecc       0xfa ./Middlewares/Third_Party/FreeRTOS/Source/queue.o
                0x08006ecc                xQueueGenericCreateStatic
 .text.prvInitialiseNewQueue
                0x08006fc6       0x46 ./Middlewares/Third_Party/FreeRTOS/Source/queue.o
 .text.xQueueGenericSend
                0x0800700c      0x204 ./Middlewares/Third_Party/FreeRTOS/Source/queue.o
                0x0800700c                xQueueGenericSend
 .text.xQueueGenericSendFromISR
                0x08007210      0x13c ./Middlewares/Third_Party/FreeRTOS/Source/queue.o
                0x08007210                xQueueGenericSendFromISR
 .text.xQueueReceive
                0x0800734c      0x1c4 ./Middlewares/Third_Party/FreeRTOS/Source/queue.o
                0x0800734c                xQueueReceive
 .text.prvCopyDataToQueue
                0x08007510       0xd4 ./Middlewares/Third_Party/FreeRTOS/Source/queue.o
 .text.prvCopyDataFromQueue
                0x080075e4       0x4c ./Middlewares/Third_Party/FreeRTOS/Source/queue.o
 .text.prvUnlockQueue
                0x08007630       0xa4 ./Middlewares/Third_Party/FreeRTOS/Source/queue.o
 .text.prvIsQueueEmpty
                0x080076d4       0x2c ./Middlewares/Third_Party/FreeRTOS/Source/queue.o
 .text.prvIsQueueFull
                0x08007700       0x30 ./Middlewares/Third_Party/FreeRTOS/Source/queue.o
 .text.vQueueAddToRegistry
                0x08007730       0x54 ./Middlewares/Third_Party/FreeRTOS/Source/queue.o
                0x08007730                vQueueAddToRegistry
 .text.vQueueWaitForMessageRestricted
                0x08007784       0x68 ./Middlewares/Third_Party/FreeRTOS/Source/queue.o
                0x08007784                vQueueWaitForMessageRestricted
 .text.xTaskCreateStatic
                0x080077ec       0xc0 ./Middlewares/Third_Party/FreeRTOS/Source/tasks.o
                0x080077ec                xTaskCreateStatic
 .text.xTaskCreate
                0x080078ac       0x8a ./Middlewares/Third_Party/FreeRTOS/Source/tasks.o
                0x080078ac                xTaskCreate
 .text.prvInitialiseNewTask
                0x08007936      0x120 ./Middlewares/Third_Party/FreeRTOS/Source/tasks.o
 *fill*         0x08007a56        0x2 
 .text.prvAddNewTaskToReadyList
                0x08007a58       0xe0 ./Middlewares/Third_Party/FreeRTOS/Source/tasks.o
 .text.vTaskDelay
                0x08007b38       0x6c ./Middlewares/Third_Party/FreeRTOS/Source/tasks.o
                0x08007b38                vTaskDelay
 .text.prvTaskIsTaskSuspended
                0x08007ba4       0x64 ./Middlewares/Third_Party/FreeRTOS/Source/tasks.o
 .text.vTaskResume
                0x08007c08       0xc0 ./Middlewares/Third_Party/FreeRTOS/Source/tasks.o
                0x08007c08                vTaskResume
 .text.vTaskStartScheduler
                0x08007cc8       0xd0 ./Middlewares/Third_Party/FreeRTOS/Source/tasks.o
                0x08007cc8                vTaskStartScheduler
 .text.vTaskSuspendAll
                0x08007d98       0x1c ./Middlewares/Third_Party/FreeRTOS/Source/tasks.o
                0x08007d98                vTaskSuspendAll
 .text.xTaskResumeAll
                0x08007db4      0x13c ./Middlewares/Third_Party/FreeRTOS/Source/tasks.o
                0x08007db4                xTaskResumeAll
 .text.xTaskGetTickCount
                0x08007ef0       0x20 ./Middlewares/Third_Party/FreeRTOS/Source/tasks.o
                0x08007ef0                xTaskGetTickCount
 .text.xTaskIncrementTick
                0x08007f10      0x174 ./Middlewares/Third_Party/FreeRTOS/Source/tasks.o
                0x08007f10                xTaskIncrementTick
 .text.vTaskSwitchContext
                0x08008084       0xbc ./Middlewares/Third_Party/FreeRTOS/Source/tasks.o
                0x08008084                vTaskSwitchContext
 .text.vTaskPlaceOnEventList
                0x08008140       0x4c ./Middlewares/Third_Party/FreeRTOS/Source/tasks.o
                0x08008140                vTaskPlaceOnEventList
 .text.vTaskPlaceOnEventListRestricted
                0x0800818c       0x58 ./Middlewares/Third_Party/FreeRTOS/Source/tasks.o
                0x0800818c                vTaskPlaceOnEventListRestricted
 .text.xTaskRemoveFromEventList
                0x080081e4       0xc8 ./Middlewares/Third_Party/FreeRTOS/Source/tasks.o
                0x080081e4                xTaskRemoveFromEventList
 .text.vTaskInternalSetTimeOutState
                0x080082ac       0x2c ./Middlewares/Third_Party/FreeRTOS/Source/tasks.o
                0x080082ac                vTaskInternalSetTimeOutState
 .text.xTaskCheckForTimeOut
                0x080082d8       0xc8 ./Middlewares/Third_Party/FreeRTOS/Source/tasks.o
                0x080082d8                xTaskCheckForTimeOut
 .text.vTaskMissedYield
                0x080083a0       0x18 ./Middlewares/Third_Party/FreeRTOS/Source/tasks.o
                0x080083a0                vTaskMissedYield
 .text.prvIdleTask
                0x080083b8       0x30 ./Middlewares/Third_Party/FreeRTOS/Source/tasks.o
 .text.prvInitialiseTaskLists
                0x080083e8       0x80 ./Middlewares/Third_Party/FreeRTOS/Source/tasks.o
 .text.prvCheckTasksWaitingTermination
                0x08008468       0x5c ./Middlewares/Third_Party/FreeRTOS/Source/tasks.o
 .text.prvDeleteTCB
                0x080084c4       0x60 ./Middlewares/Third_Party/FreeRTOS/Source/tasks.o
 .text.prvResetNextTaskUnblockTime
                0x08008524       0x40 ./Middlewares/Third_Party/FreeRTOS/Source/tasks.o
 .text.xTaskGetSchedulerState
                0x08008564       0x3c ./Middlewares/Third_Party/FreeRTOS/Source/tasks.o
                0x08008564                xTaskGetSchedulerState
 .text.xTaskPriorityDisinherit
                0x080085a0       0xe0 ./Middlewares/Third_Party/FreeRTOS/Source/tasks.o
                0x080085a0                xTaskPriorityDisinherit
 .text.prvAddCurrentTaskToDelayedList
                0x08008680       0xa8 ./Middlewares/Third_Party/FreeRTOS/Source/tasks.o
 .text.xTimerCreateTimerTask
                0x08008728       0x94 ./Middlewares/Third_Party/FreeRTOS/Source/timers.o
                0x08008728                xTimerCreateTimerTask
 .text.xTimerGenericCommand
                0x080087bc       0x9c ./Middlewares/Third_Party/FreeRTOS/Source/timers.o
                0x080087bc                xTimerGenericCommand
 .text.prvProcessExpiredTimer
                0x08008858       0x9c ./Middlewares/Third_Party/FreeRTOS/Source/timers.o
 .text.prvTimerTask
                0x080088f4       0x26 ./Middlewares/Third_Party/FreeRTOS/Source/timers.o
 *fill*         0x0800891a        0x2 
 .text.prvProcessTimerOrBlockTask
                0x0800891c       0x9c ./Middlewares/Third_Party/FreeRTOS/Source/timers.o
 .text.prvGetNextExpireTime
                0x080089b8       0x48 ./Middlewares/Third_Party/FreeRTOS/Source/timers.o
 .text.prvSampleTimeNow
                0x08008a00       0x40 ./Middlewares/Third_Party/FreeRTOS/Source/timers.o
 .text.prvInsertTimerInActiveList
                0x08008a40       0x84 ./Middlewares/Third_Party/FreeRTOS/Source/timers.o
 .text.prvProcessReceivedCommands
                0x08008ac4      0x1cc ./Middlewares/Third_Party/FreeRTOS/Source/timers.o
 .text.prvSwitchTimerLists
                0x08008c90       0xcc ./Middlewares/Third_Party/FreeRTOS/Source/timers.o
 .text.prvCheckForValidListAndQueue
                0x08008d5c       0x80 ./Middlewares/Third_Party/FreeRTOS/Source/timers.o
 .text.pxPortInitialiseStack
                0x08008ddc       0x68 ./Middlewares/Third_Party/FreeRTOS/Source/portable/GCC/ARM_CM4F/port.o
                0x08008ddc                pxPortInitialiseStack
 .text.prvTaskExitError
                0x08008e44       0x5c ./Middlewares/Third_Party/FreeRTOS/Source/portable/GCC/ARM_CM4F/port.o
 .text.SVC_Handler
                0x08008ea0       0x28 ./Middlewares/Third_Party/FreeRTOS/Source/portable/GCC/ARM_CM4F/port.o
                0x08008ea0                SVC_Handler
 .text.prvPortStartFirstTask
                0x08008ec8       0x28 ./Middlewares/Third_Party/FreeRTOS/Source/portable/GCC/ARM_CM4F/port.o
 .text.xPortStartScheduler
                0x08008ef0      0x148 ./Middlewares/Third_Party/FreeRTOS/Source/portable/GCC/ARM_CM4F/port.o
                0x08008ef0                xPortStartScheduler
 .text.vPortEnterCritical
                0x08009038       0x64 ./Middlewares/Third_Party/FreeRTOS/Source/portable/GCC/ARM_CM4F/port.o
                0x08009038                vPortEnterCritical
 .text.vPortExitCritical
                0x0800909c       0x54 ./Middlewares/Third_Party/FreeRTOS/Source/portable/GCC/ARM_CM4F/port.o
                0x0800909c                vPortExitCritical
 .text.PendSV_Handler
                0x080090f0       0x68 ./Middlewares/Third_Party/FreeRTOS/Source/portable/GCC/ARM_CM4F/port.o
                0x080090f0                PendSV_Handler
 .text.xPortSysTickHandler
                0x08009158       0x44 ./Middlewares/Third_Party/FreeRTOS/Source/portable/GCC/ARM_CM4F/port.o
                0x08009158                xPortSysTickHandler
 .text.vPortSetupTimerInterrupt
                0x0800919c       0x48 ./Middlewares/Third_Party/FreeRTOS/Source/portable/GCC/ARM_CM4F/port.o
                0x0800919c                vPortSetupTimerInterrupt
 .text.vPortEnableVFP
                0x080091e4       0x14 ./Middlewares/Third_Party/FreeRTOS/Source/portable/GCC/ARM_CM4F/port.o
 .text.vPortValidateInterruptPriority
                0x080091f8       0x84 ./Middlewares/Third_Party/FreeRTOS/Source/portable/GCC/ARM_CM4F/port.o
                0x080091f8                vPortValidateInterruptPriority
 .text.pvPortMalloc
                0x0800927c      0x19c ./Middlewares/Third_Party/FreeRTOS/Source/portable/MemMang/heap_4.o
                0x0800927c                pvPortMalloc
 .text.vPortFree
                0x08009418       0xc8 ./Middlewares/Third_Party/FreeRTOS/Source/portable/MemMang/heap_4.o
                0x08009418                vPortFree
 .text.prvHeapInit
                0x080094e0       0xc4 ./Middlewares/Third_Party/FreeRTOS/Source/portable/MemMang/heap_4.o
 .text.prvInsertBlockIntoFreeList
                0x080095a4       0xb4 ./Middlewares/Third_Party/FreeRTOS/Source/portable/MemMang/heap_4.o
 .text.sprintf  0x08009658       0x44 C:/ST/STM32CubeIDE_2.1.0/STM32CubeIDE/plugins/com.st.stm32cube.ide.mcu.externaltools.gnu-tools-for-stm32.14.3.rel1.win32_1.0.100.202602081740/tools/bin/../lib/gcc/arm-none-eabi/14.3.1/../../../../arm-none-eabi/lib/thumb/v7e-m+fp/hard\libc_nano.a(libc_a-sprintf.o)
                0x08009658                siprintf
                0x08009658                sprintf
 .text.memset   0x0800969c       0x10 C:/ST/STM32CubeIDE_2.1.0/STM32CubeIDE/plugins/com.st.stm32cube.ide.mcu.externaltools.gnu-tools-for-stm32.14.3.rel1.win32_1.0.100.202602081740/tools/bin/../lib/gcc/arm-none-eabi/14.3.1/../../../../arm-none-eabi/lib/thumb/v7e-m+fp/hard\libc_nano.a(libc_a-memset.o)
                0x0800969c                memset
 .text.__errno  0x080096ac        0xc C:/ST/STM32CubeIDE_2.1.0/STM32CubeIDE/plugins/com.st.stm32cube.ide.mcu.externaltools.gnu-tools-for-stm32.14.3.rel1.win32_1.0.100.202602081740/tools/bin/../lib/gcc/arm-none-eabi/14.3.1/../../../../arm-none-eabi/lib/thumb/v7e-m+fp/hard\libc_nano.a(libc_a-errno.o)
                0x080096ac                __errno
 .text.__libc_init_array
                0x080096b8       0x48 C:/ST/STM32CubeIDE_2.1.0/STM32CubeIDE/plugins/com.st.stm32cube.ide.mcu.externaltools.gnu-tools-for-stm32.14.3.rel1.win32_1.0.100.202602081740/tools/bin/../lib/gcc/arm-none-eabi/14.3.1/../../../../arm-none-eabi/lib/thumb/v7e-m+fp/hard\libc_nano.a(libc_a-init.o)
                0x080096b8                __libc_init_array
 .text.__retarget_lock_acquire_recursive
                0x08009700        0x2 C:/ST/STM32CubeIDE_2.1.0/STM32CubeIDE/plugins/com.st.stm32cube.ide.mcu.externaltools.gnu-tools-for-stm32.14.3.rel1.win32_1.0.100.202602081740/tools/bin/../lib/gcc/arm-none-eabi/14.3.1/../../../../arm-none-eabi/lib/thumb/v7e-m+fp/hard\libc_nano.a(libc_a-lock.o)
                0x08009700                __retarget_lock_acquire_recursive
 .text.__retarget_lock_release_recursive
                0x08009702        0x2 C:/ST/STM32CubeIDE_2.1.0/STM32CubeIDE/plugins/com.st.stm32cube.ide.mcu.externaltools.gnu-tools-for-stm32.14.3.rel1.win32_1.0.100.202602081740/tools/bin/../lib/gcc/arm-none-eabi/14.3.1/../../../../arm-none-eabi/lib/thumb/v7e-m+fp/hard\libc_nano.a(libc_a-lock.o)
                0x08009702                __retarget_lock_release_recursive
 .text.memcpy   0x08009704       0x1c C:/ST/STM32CubeIDE_2.1.0/STM32CubeIDE/plugins/com.st.stm32cube.ide.mcu.externaltools.gnu-tools-for-stm32.14.3.rel1.win32_1.0.100.202602081740/tools/bin/../lib/gcc/arm-none-eabi/14.3.1/../../../../arm-none-eabi/lib/thumb/v7e-m+fp/hard\libc_nano.a(libc_a-memcpy-stub.o)
                0x08009704                memcpy
 .text._free_r  0x08009720       0x94 C:/ST/STM32CubeIDE_2.1.0/STM32CubeIDE/plugins/com.st.stm32cube.ide.mcu.externaltools.gnu-tools-for-stm32.14.3.rel1.win32_1.0.100.202602081740/tools/bin/../lib/gcc/arm-none-eabi/14.3.1/../../../../arm-none-eabi/lib/thumb/v7e-m+fp/hard\libc_nano.a(libc_a-freer.o)
                0x08009720                _free_r
 .text.sbrk_aligned
                0x080097b4       0x44 C:/ST/STM32CubeIDE_2.1.0/STM32CubeIDE/plugins/com.st.stm32cube.ide.mcu.externaltools.gnu-tools-for-stm32.14.3.rel1.win32_1.0.100.202602081740/tools/bin/../lib/gcc/arm-none-eabi/14.3.1/../../../../arm-none-eabi/lib/thumb/v7e-m+fp/hard\libc_nano.a(libc_a-mallocr.o)
 .text._malloc_r
                0x080097f8      0x100 C:/ST/STM32CubeIDE_2.1.0/STM32CubeIDE/plugins/com.st.stm32cube.ide.mcu.externaltools.gnu-tools-for-stm32.14.3.rel1.win32_1.0.100.202602081740/tools/bin/../lib/gcc/arm-none-eabi/14.3.1/../../../../arm-none-eabi/lib/thumb/v7e-m+fp/hard\libc_nano.a(libc_a-mallocr.o)
                0x080097f8                _malloc_r
 .text.__malloc_lock
                0x080098f8        0xc C:/ST/STM32CubeIDE_2.1.0/STM32CubeIDE/plugins/com.st.stm32cube.ide.mcu.externaltools.gnu-tools-for-stm32.14.3.rel1.win32_1.0.100.202602081740/tools/bin/../lib/gcc/arm-none-eabi/14.3.1/../../../../arm-none-eabi/lib/thumb/v7e-m+fp/hard\libc_nano.a(libc_a-mlock.o)
                0x080098f8                __malloc_lock
 .text.__malloc_unlock
                0x08009904        0xc C:/ST/STM32CubeIDE_2.1.0/STM32CubeIDE/plugins/com.st.stm32cube.ide.mcu.externaltools.gnu-tools-for-stm32.14.3.rel1.win32_1.0.100.202602081740/tools/bin/../lib/gcc/arm-none-eabi/14.3.1/../../../../arm-none-eabi/lib/thumb/v7e-m+fp/hard\libc_nano.a(libc_a-mlock.o)
                0x08009904                __malloc_unlock
 .text.__ssputs_r
                0x08009910       0xc0 C:/ST/STM32CubeIDE_2.1.0/STM32CubeIDE/plugins/com.st.stm32cube.ide.mcu.externaltools.gnu-tools-for-stm32.14.3.rel1.win32_1.0.100.202602081740/tools/bin/../lib/gcc/arm-none-eabi/14.3.1/../../../../arm-none-eabi/lib/thumb/v7e-m+fp/hard\libc_nano.a(libc_a-nano-svfprintf.o)
                0x08009910                __ssputs_r
 .text._svfprintf_r
                0x080099d0      0x1f0 C:/ST/STM32CubeIDE_2.1.0/STM32CubeIDE/plugins/com.st.stm32cube.ide.mcu.externaltools.gnu-tools-for-stm32.14.3.rel1.win32_1.0.100.202602081740/tools/bin/../lib/gcc/arm-none-eabi/14.3.1/../../../../arm-none-eabi/lib/thumb/v7e-m+fp/hard\libc_nano.a(libc_a-nano-svfprintf.o)
                0x080099d0                _svfiprintf_r
                0x080099d0                _svfprintf_r
 .text._printf_common
                0x08009bc0       0xda C:/ST/STM32CubeIDE_2.1.0/STM32CubeIDE/plugins/com.st.stm32cube.ide.mcu.externaltools.gnu-tools-for-stm32.14.3.rel1.win32_1.0.100.202602081740/tools/bin/../lib/gcc/arm-none-eabi/14.3.1/../../../../arm-none-eabi/lib/thumb/v7e-m+fp/hard\libc_nano.a(libc_a-nano-vfprintf_i.o)
                0x08009bc0                _printf_common
 *fill*         0x08009c9a        0x2 
 .text._printf_i
                0x08009c9c      0x24c C:/ST/STM32CubeIDE_2.1.0/STM32CubeIDE/plugins/com.st.stm32cube.ide.mcu.externaltools.gnu-tools-for-stm32.14.3.rel1.win32_1.0.100.202602081740/tools/bin/../lib/gcc/arm-none-eabi/14.3.1/../../../../arm-none-eabi/lib/thumb/v7e-m+fp/hard\libc_nano.a(libc_a-nano-vfprintf_i.o)
                0x08009c9c                _printf_i
 .text.memmove  0x08009ee8       0x32 C:/ST/STM32CubeIDE_2.1.0/STM32CubeIDE/plugins/com.st.stm32cube.ide.mcu.externaltools.gnu-tools-for-stm32.14.3.rel1.win32_1.0.100.202602081740/tools/bin/../lib/gcc/arm-none-eabi/14.3.1/../../../../arm-none-eabi/lib/thumb/v7e-m+fp/hard\libc_nano.a(libc_a-memmove.o)
                0x08009ee8                memmove
 *fill*         0x08009f1a        0x2 
 .text._sbrk_r  0x08009f1c       0x20 C:/ST/STM32CubeIDE_2.1.0/STM32CubeIDE/plugins/com.st.stm32cube.ide.mcu.externaltools.gnu-tools-for-stm32.14.3.rel1.win32_1.0.100.202602081740/tools/bin/../lib/gcc/arm-none-eabi/14.3.1/../../../../arm-none-eabi/lib/thumb/v7e-m+fp/hard\libc_nano.a(libc_a-sbrkr.o)
                0x08009f1c                _sbrk_r
 .text._realloc_r
                0x08009f3c       0x5c C:/ST/STM32CubeIDE_2.1.0/STM32CubeIDE/plugins/com.st.stm32cube.ide.mcu.externaltools.gnu-tools-for-stm32.14.3.rel1.win32_1.0.100.202602081740/tools/bin/../lib/gcc/arm-none-eabi/14.3.1/../../../../arm-none-eabi/lib/thumb/v7e-m+fp/hard\libc_nano.a(libc_a-reallocr.o)
                0x08009f3c                _realloc_r
 .text._malloc_usable_size_r
                0x08009f98       0x10 C:/ST/STM32CubeIDE_2.1.0/STM32CubeIDE/plugins/com.st.stm32cube.ide.mcu.externaltools.gnu-tools-for-stm32.14.3.rel1.win32_1.0.100.202602081740/tools/bin/../lib/gcc/arm-none-eabi/14.3.1/../../../../arm-none-eabi/lib/thumb/v7e-m+fp/hard\libc_nano.a(libc_a-msizer.o)
                0x08009f98                _malloc_usable_size_r
 *(.glue_7)
 .glue_7        0x08009fa8        0x0 linker stubs
 *(.glue_7t)
 .glue_7t       0x08009fa8        0x0 linker stubs
 *(.eh_frame)
 .eh_frame      0x08009fa8        0x0 C:/ST/STM32CubeIDE_2.1.0/STM32CubeIDE/plugins/com.st.stm32cube.ide.mcu.externaltools.gnu-tools-for-stm32.14.3.rel1.win32_1.0.100.202602081740/tools/bin/../lib/gcc/arm-none-eabi/14.3.1/thumb/v7e-m+fp/hard/crtbegin.o
 *(.init)
 .init          0x08009fa8        0x4 C:/ST/STM32CubeIDE_2.1.0/STM32CubeIDE/plugins/com.st.stm32cube.ide.mcu.externaltools.gnu-tools-for-stm32.14.3.rel1.win32_1.0.100.202602081740/tools/bin/../lib/gcc/arm-none-eabi/14.3.1/thumb/v7e-m+fp/hard/crti.o
                0x08009fa8                _init
 .init          0x08009fac        0x8 C:/ST/STM32CubeIDE_2.1.0/STM32CubeIDE/plugins/com.st.stm32cube.ide.mcu.externaltools.gnu-tools-for-stm32.14.3.rel1.win32_1.0.100.202602081740/tools/bin/../lib/gcc/arm-none-eabi/14.3.1/thumb/v7e-m+fp/hard/crtn.o
 *(.fini)
 .fini          0x08009fb4        0x4 C:/ST/STM32CubeIDE_2.1.0/STM32CubeIDE/plugins/com.st.stm32cube.ide.mcu.externaltools.gnu-tools-for-stm32.14.3.rel1.win32_1.0.100.202602081740/tools/bin/../lib/gcc/arm-none-eabi/14.3.1/thumb/v7e-m+fp/hard/crti.o
                0x08009fb4                _fini
 .fini          0x08009fb8        0x8 C:/ST/STM32CubeIDE_2.1.0/STM32CubeIDE/plugins/com.st.stm32cube.ide.mcu.externaltools.gnu-tools-for-stm32.14.3.rel1.win32_1.0.100.202602081740/tools/bin/../lib/gcc/arm-none-eabi/14.3.1/thumb/v7e-m+fp/hard/crtn.o
                0x08009fc0                        . = ALIGN (0x4)
                0x08009fc0                        _etext = .

.vfp11_veneer   0x08009fc0        0x0
 .vfp11_veneer  0x08009fc0        0x0 linker stubs

.v4_bx          0x08009fc0        0x0
 .v4_bx         0x08009fc0        0x0 linker stubs

.iplt           0x08009fc0        0x0
 .iplt          0x08009fc0        0x0 C:/ST/STM32CubeIDE_2.1.0/STM32CubeIDE/plugins/com.st.stm32cube.ide.mcu.externaltools.gnu-tools-for-stm32.14.3.rel1.win32_1.0.100.202602081740/tools/bin/../lib/gcc/arm-none-eabi/14.3.1/thumb/v7e-m+fp/hard/crtbegin.o

.rodata         0x08009fc0      0x864
                0x08009fc0                        . = ALIGN (0x4)
 *(.rodata)
 .rodata        0x08009fc0       0x1f ./Core/Src/RTC.o
 *fill*         0x08009fdf        0x1 
 .rodata        0x08009fe0      0x2c7 ./Core/Src/main.o
 *fill*         0x0800a2a7        0x1 
 .rodata        0x0800a2a8        0x5 ./Middlewares/Third_Party/FreeRTOS/Source/tasks.o
 *fill*         0x0800a2ad        0x3 
 .rodata        0x0800a2b0        0xd ./Middlewares/Third_Party/FreeRTOS/Source/timers.o
 *(.rodata*)
 *fill*         0x0800a2bd        0x3 
 .rodata.fond12x16
                0x0800a2c0      0x378 ./Core/Src/Oled.o
 .rodata.font5x7
                0x0800a638      0x12c ./Core/Src/Oled.o
 .rodata.I2S_led_attributes
                0x0800a764       0x24 ./Core/Src/main.o
                0x0800a764                I2S_led_attributes
 .rodata.I2C_Time_atributes
                0x0800a788       0x24 ./Core/Src/main.o
                0x0800a788                I2C_Time_atributes
 .rodata.I2C_Time_Clock_atributes
                0x0800a7ac       0x24 ./Core/Src/main.o
                0x0800a7ac                I2C_Time_Clock_atributes
 .rodata.AHBPrescTable
                0x0800a7d0       0x10 ./Core/Src/system_stm32f4xx.o
                0x0800a7d0                AHBPrescTable
 .rodata.APBPrescTable
                0x0800a7e0        0x8 ./Core/Src/system_stm32f4xx.o
                0x0800a7e0                APBPrescTable
 .rodata.flagBitshiftOffset.0
                0x0800a7e8        0x8 ./Drivers/STM32F4xx_HAL_Driver/Src/stm32f4xx_hal_dma.o
 .rodata._svfprintf_r.str1.1
                0x0800a7f0       0x33 C:/ST/STM32CubeIDE_2.1.0/STM32CubeIDE/plugins/com.st.stm32cube.ide.mcu.externaltools.gnu-tools-for-stm32.14.3.rel1.win32_1.0.100.202602081740/tools/bin/../lib/gcc/arm-none-eabi/14.3.1/../../../../arm-none-eabi/lib/thumb/v7e-m+fp/hard\libc_nano.a(libc_a-nano-svfprintf.o)
                                 0x11 (size before relaxing)
 .rodata._printf_i.str1.1
                0x0800a823       0x22 C:/ST/STM32CubeIDE_2.1.0/STM32CubeIDE/plugins/com.st.stm32cube.ide.mcu.externaltools.gnu-tools-for-stm32.14.3.rel1.win32_1.0.100.202602081740/tools/bin/../lib/gcc/arm-none-eabi/14.3.1/../../../../arm-none-eabi/lib/thumb/v7e-m+fp/hard\libc_nano.a(libc_a-nano-vfprintf_i.o)
                0x0800a848                        . = ALIGN (0x4)
 *fill*         0x0800a823        0x1 

.ARM.extab      0x0800a824        0x0
                0x0800a824                        . = ALIGN (0x4)
 *(.ARM.extab* .gnu.linkonce.armextab.*)
                0x0800a824                        . = ALIGN (0x4)

.ARM            0x0800a824        0x8
                0x0800a824                        . = ALIGN (0x4)
                0x0800a824                        __exidx_start = .
 *(.ARM.exidx*)
 .ARM.exidx     0x0800a824        0x8 C:/ST/STM32CubeIDE_2.1.0/STM32CubeIDE/plugins/com.st.stm32cube.ide.mcu.externaltools.gnu-tools-for-stm32.14.3.rel1.win32_1.0.100.202602081740/tools/bin/../lib/gcc/arm-none-eabi/14.3.1/../../../../arm-none-eabi/lib/thumb/v7e-m+fp/hard\libc_nano.a(libc_a-memchr.o)
 .ARM.exidx     0x0800a82c        0x0 C:/ST/STM32CubeIDE_2.1.0/STM32CubeIDE/plugins/com.st.stm32cube.ide.mcu.externaltools.gnu-tools-for-stm32.14.3.rel1.win32_1.0.100.202602081740/tools/bin/../lib/gcc/arm-none-eabi/14.3.1/thumb/v7e-m+fp/hard\libgcc.a(_udivmoddi4.o)
                                  0x8 (size before relaxing)
                0x0800a82c                        __exidx_end = .
                0x0800a82c                        . = ALIGN (0x4)

.preinit_array  0x0800a82c        0x0
                0x0800a82c                        . = ALIGN (0x4)
                0x0800a82c                        PROVIDE (__preinit_array_start = .)
 *(.preinit_array*)
                0x0800a82c                        PROVIDE (__preinit_array_end = .)
                0x0800a82c                        . = ALIGN (0x4)

.init_array     0x0800a82c        0x4
                0x0800a82c                        . = ALIGN (0x4)
                0x0800a82c                        PROVIDE (__init_array_start = .)
 *(SORT_BY_NAME(.init_array.*))
 *(.init_array*)
 .init_array    0x0800a82c        0x4 C:/ST/STM32CubeIDE_2.1.0/STM32CubeIDE/plugins/com.st.stm32cube.ide.mcu.externaltools.gnu-tools-for-stm32.14.3.rel1.win32_1.0.100.202602081740/tools/bin/../lib/gcc/arm-none-eabi/14.3.1/thumb/v7e-m+fp/hard/crtbegin.o
                0x0800a830                        PROVIDE (__init_array_end = .)
                0x0800a830                        . = ALIGN (0x4)

.fini_array     0x0800a830        0x4
                0x0800a830                        . = ALIGN (0x4)
                [!provide]                        PROVIDE (__fini_array_start = .)
 *(SORT_BY_NAME(.fini_array.*))
 *(.fini_array*)
 .fini_array    0x0800a830        0x4 C:/ST/STM32CubeIDE_2.1.0/STM32CubeIDE/plugins/com.st.stm32cube.ide.mcu.externaltools.gnu-tools-for-stm32.14.3.rel1.win32_1.0.100.202602081740/tools/bin/../lib/gcc/arm-none-eabi/14.3.1/thumb/v7e-m+fp/hard/crtbegin.o
                [!provide]                        PROVIDE (__fini_array_end = .)
                0x0800a834                        . = ALIGN (0x4)
                0x0800a834                        _sidata = LOADADDR (.data)

.rel.dyn        0x0800a834        0x0
 .rel.iplt      0x0800a834        0x0 C:/ST/STM32CubeIDE_2.1.0/STM32CubeIDE/plugins/com.st.stm32cube.ide.mcu.externaltools.gnu-tools-for-stm32.14.3.rel1.win32_1.0.100.202602081740/tools/bin/../lib/gcc/arm-none-eabi/14.3.1/thumb/v7e-m+fp/hard/crtbegin.o

.data           0x20000000       0x9c load address 0x0800a834
                0x20000000                        . = ALIGN (0x4)
                0x20000000                        _sdata = .
 *(.data)
 *(.data*)
 .data.SendFrame
                0x20000000        0xa ./Core/Src/DFPLAYER.o
                0x20000000                SendFrame
 *fill*         0x2000000a        0x2 
 .data.mang_thu
                0x2000000c       0x20 ./Core/Src/RTC.o
                0x2000000c                mang_thu
 .data.timer    0x2000002c        0x7 ./Core/Src/RTC.o
                0x2000002c                timer
 .data.lua_chon_save
                0x20000033        0x1 ./Core/Src/main.o
                0x20000033                lua_chon_save
 .data.lua_chon_save_bh
                0x20000034        0x1 ./Core/Src/main.o
                0x20000034                lua_chon_save_bh
 .data.ghi_0_Flash
                0x20000035        0x1 ./Core/Src/main.o
                0x20000035                ghi_0_Flash
 .data.giay_cu.4
                0x20000036        0x1 ./Core/Src/main.o
 .data.am_thanh.3
                0x20000037        0x1 ./Core/Src/main.o
 .data.tong_bai_hat.0
                0x20000038        0x4 ./Core/Src/main.o
 .data.SystemCoreClock
                0x2000003c        0x4 ./Core/Src/system_stm32f4xx.o
                0x2000003c                SystemCoreClock
 .data.uwTickPrio
                0x20000040        0x4 ./Drivers/STM32F4xx_HAL_Driver/Src/stm32f4xx_hal.o
                0x20000040                uwTickPrio
 .data.uwTickFreq
                0x20000044        0x1 ./Drivers/STM32F4xx_HAL_Driver/Src/stm32f4xx_hal.o
                0x20000044                uwTickFreq
 *fill*         0x20000045        0x3 
 .data.uxCriticalNesting
                0x20000048        0x4 ./Middlewares/Third_Party/FreeRTOS/Source/portable/GCC/ARM_CM4F/port.o
 .data._impure_ptr
                0x2000004c        0x4 C:/ST/STM32CubeIDE_2.1.0/STM32CubeIDE/plugins/com.st.stm32cube.ide.mcu.externaltools.gnu-tools-for-stm32.14.3.rel1.win32_1.0.100.202602081740/tools/bin/../lib/gcc/arm-none-eabi/14.3.1/../../../../arm-none-eabi/lib/thumb/v7e-m+fp/hard\libc_nano.a(libc_a-impure.o)
                0x2000004c                _impure_ptr
 .data._impure_data
                0x20000050       0x4c C:/ST/STM32CubeIDE_2.1.0/STM32CubeIDE/plugins/com.st.stm32cube.ide.mcu.externaltools.gnu-tools-for-stm32.14.3.rel1.win32_1.0.100.202602081740/tools/bin/../lib/gcc/arm-none-eabi/14.3.1/../../../../arm-none-eabi/lib/thumb/v7e-m+fp/hard\libc_nano.a(libc_a-impure.o)
                0x20000050                _impure_data
 *(.RamFunc)
 *(.RamFunc*)
                0x2000009c                        . = ALIGN (0x4)
                0x2000009c                        _edata = .

.igot.plt       0x2000009c        0x0 load address 0x0800a8d0
 .igot.plt      0x2000009c        0x0 C:/ST/STM32CubeIDE_2.1.0/STM32CubeIDE/plugins/com.st.stm32cube.ide.mcu.externaltools.gnu-tools-for-stm32.14.3.rel1.win32_1.0.100.202602081740/tools/bin/../lib/gcc/arm-none-eabi/14.3.1/thumb/v7e-m+fp/hard/crtbegin.o
                0x2000009c                        . = ALIGN (0x4)

.bss            0x2000009c     0x54b0 load address 0x0800a8d0
                0x2000009c                        _sbss = .
                0x2000009c                        __bss_start__ = _sbss
 *(.bss)
 .bss           0x2000009c       0x1c C:/ST/STM32CubeIDE_2.1.0/STM32CubeIDE/plugins/com.st.stm32cube.ide.mcu.externaltools.gnu-tools-for-stm32.14.3.rel1.win32_1.0.100.202602081740/tools/bin/../lib/gcc/arm-none-eabi/14.3.1/thumb/v7e-m+fp/hard/crtbegin.o
 *(.bss*)
 .bss.hi2s2     0x200000b8       0x48 ./Core/Src/main.o
                0x200000b8                hi2s2
 .bss.hdma_spi2_rx
                0x20000100       0x60 ./Core/Src/main.o
                0x20000100                hdma_spi2_rx
 .bss.htim2     0x20000160       0x48 ./Core/Src/main.o
                0x20000160                htim2
 .bss.huart2    0x200001a8       0x48 ./Core/Src/main.o
                0x200001a8                huart2
 .bss.I2S_ledHandle
                0x200001f0        0x4 ./Core/Src/main.o
                0x200001f0                I2S_ledHandle
 .bss.I2C_TimeHandle
                0x200001f4        0x4 ./Core/Src/main.o
                0x200001f4                I2C_TimeHandle
 .bss.I2C_Time_ClockHandle
                0x200001f8        0x4 ./Core/Src/main.o
                0x200001f8                I2C_Time_ClockHandle
 .bss.audio_buffer
                0x200001fc      0x800 ./Core/Src/main.o
                0x200001fc                audio_buffer
 .bss.data_ready_flag
                0x200009fc        0x1 ./Core/Src/main.o
                0x200009fc                data_ready_flag
 *fill*         0x200009fd        0x3 
 .bss.chuyendoi
                0x20000a00       0x14 ./Core/Src/main.o
                0x20000a00                chuyendoi
 .bss.chuyen    0x20000a14       0x19 ./Core/Src/main.o
                0x20000a14                chuyen
 .bss.trang_thai_ui
                0x20000a2d        0x1 ./Core/Src/main.o
                0x20000a2d                trang_thai_ui
 *fill*         0x20000a2e        0x2 
 .bss.MP3       0x20000a30       0x10 ./Core/Src/main.o
                0x20000a30                MP3
 .bss.danh_sach_bao_thuc
                0x20000a40        0xe ./Core/Src/main.o
                0x20000a40                danh_sach_bao_thuc
 .bss.vi_tri_menu_chinh
                0x20000a4e        0x1 ./Core/Src/main.o
                0x20000a4e                vi_tri_menu_chinh
 .bss.alm_dang_chon
                0x20000a4f        0x1 ./Core/Src/main.o
                0x20000a4f                alm_dang_chon
 .bss.flag_MENU
                0x20000a50        0x1 ./Core/Src/main.o
                0x20000a50                flag_MENU
 .bss.flag_ENTER
                0x20000a51        0x1 ./Core/Src/main.o
                0x20000a51                flag_ENTER
 .bss.co_luu_rtc
                0x20000a52        0x1 ./Core/Src/main.o
                0x20000a52                co_luu_rtc
 .bss.co_luu_flash
                0x20000a53        0x1 ./Core/Src/main.o
                0x20000a53                co_luu_flash
 .bss.thoi_gian_chong_nhieu_pin13
                0x20000a54        0x4 ./Core/Src/main.o
                0x20000a54                thoi_gian_chong_nhieu_pin13
 .bss.thoi_gian_chong_nhieu_pin8
                0x20000a58        0x4 ./Core/Src/main.o
                0x20000a58                thoi_gian_chong_nhieu_pin8
 .bss.time_hold.6
                0x20000a5c        0x2 ./Core/Src/main.o
 .bss.am_thanh_co.5
                0x20000a5e        0x1 ./Core/Src/main.o
 .bss.vi_tri_menu_Music.2
                0x20000a5f        0x1 ./Core/Src/main.o
 .bss.chon_nhac.1
                0x20000a60        0x1 ./Core/Src/main.o
 *fill*         0x20000a61        0x3 
 .bss.htim4     0x20000a64       0x48 ./Core/Src/stm32f4xx_hal_timebase_tim.o
                0x20000a64                htim4
 .bss.__sbrk_heap_end
                0x20000aac        0x4 ./Core/Src/sysmem.o
 .bss.uwTick    0x20000ab0        0x4 ./Drivers/STM32F4xx_HAL_Driver/Src/stm32f4xx_hal.o
                0x20000ab0                uwTick
 .bss.KernelState
                0x20000ab4        0x4 ./Middlewares/Third_Party/FreeRTOS/Source/CMSIS_RTOS_V2/cmsis_os2.o
 .bss.Idle_TCB.3
                0x20000ab8       0x5c ./Middlewares/Third_Party/FreeRTOS/Source/CMSIS_RTOS_V2/cmsis_os2.o
 .bss.Idle_Stack.2
                0x20000b14      0x200 ./Middlewares/Third_Party/FreeRTOS/Source/CMSIS_RTOS_V2/cmsis_os2.o
 .bss.Timer_TCB.1
                0x20000d14       0x5c ./Middlewares/Third_Party/FreeRTOS/Source/CMSIS_RTOS_V2/cmsis_os2.o
 .bss.Timer_Stack.0
                0x20000d70      0x400 ./Middlewares/Third_Party/FreeRTOS/Source/CMSIS_RTOS_V2/cmsis_os2.o
 .bss.xQueueRegistry
                0x20001170       0x40 ./Middlewares/Third_Party/FreeRTOS/Source/queue.o
                0x20001170                xQueueRegistry
 .bss.pxCurrentTCB
                0x200011b0        0x4 ./Middlewares/Third_Party/FreeRTOS/Source/tasks.o
                0x200011b0                pxCurrentTCB
 .bss.pxReadyTasksLists
                0x200011b4      0x460 ./Middlewares/Third_Party/FreeRTOS/Source/tasks.o
 .bss.xDelayedTaskList1
                0x20001614       0x14 ./Middlewares/Third_Party/FreeRTOS/Source/tasks.o
 .bss.xDelayedTaskList2
                0x20001628       0x14 ./Middlewares/Third_Party/FreeRTOS/Source/tasks.o
 .bss.pxDelayedTaskList
                0x2000163c        0x4 ./Middlewares/Third_Party/FreeRTOS/Source/tasks.o
 .bss.pxOverflowDelayedTaskList
                0x20001640        0x4 ./Middlewares/Third_Party/FreeRTOS/Source/tasks.o
 .bss.xPendingReadyList
                0x20001644       0x14 ./Middlewares/Third_Party/FreeRTOS/Source/tasks.o
 .bss.xTasksWaitingTermination
                0x20001658       0x14 ./Middlewares/Third_Party/FreeRTOS/Source/tasks.o
 .bss.uxDeletedTasksWaitingCleanUp
                0x2000166c        0x4 ./Middlewares/Third_Party/FreeRTOS/Source/tasks.o
 .bss.xSuspendedTaskList
                0x20001670       0x14 ./Middlewares/Third_Party/FreeRTOS/Source/tasks.o
 .bss.uxCurrentNumberOfTasks
                0x20001684        0x4 ./Middlewares/Third_Party/FreeRTOS/Source/tasks.o
 .bss.xTickCount
                0x20001688        0x4 ./Middlewares/Third_Party/FreeRTOS/Source/tasks.o
 .bss.uxTopReadyPriority
                0x2000168c        0x4 ./Middlewares/Third_Party/FreeRTOS/Source/tasks.o
 .bss.xSchedulerRunning
                0x20001690        0x4 ./Middlewares/Third_Party/FreeRTOS/Source/tasks.o
 .bss.xPendedTicks
                0x20001694        0x4 ./Middlewares/Third_Party/FreeRTOS/Source/tasks.o
 .bss.xYieldPending
                0x20001698        0x4 ./Middlewares/Third_Party/FreeRTOS/Source/tasks.o
 .bss.xNumOfOverflows
                0x2000169c        0x4 ./Middlewares/Third_Party/FreeRTOS/Source/tasks.o
 .bss.uxTaskNumber
                0x200016a0        0x4 ./Middlewares/Third_Party/FreeRTOS/Source/tasks.o
 .bss.xNextTaskUnblockTime
                0x200016a4        0x4 ./Middlewares/Third_Party/FreeRTOS/Source/tasks.o
 .bss.xIdleTaskHandle
                0x200016a8        0x4 ./Middlewares/Third_Party/FreeRTOS/Source/tasks.o
 .bss.uxSchedulerSuspended
                0x200016ac        0x4 ./Middlewares/Third_Party/FreeRTOS/Source/tasks.o
 .bss.xActiveTimerList1
                0x200016b0       0x14 ./Middlewares/Third_Party/FreeRTOS/Source/timers.o
 .bss.xActiveTimerList2
                0x200016c4       0x14 ./Middlewares/Third_Party/FreeRTOS/Source/timers.o
 .bss.pxCurrentTimerList
                0x200016d8        0x4 ./Middlewares/Third_Party/FreeRTOS/Source/timers.o
 .bss.pxOverflowTimerList
                0x200016dc        0x4 ./Middlewares/Third_Party/FreeRTOS/Source/timers.o
 .bss.xTimerQueue
                0x200016e0        0x4 ./Middlewares/Third_Party/FreeRTOS/Source/timers.o
 .bss.xTimerTaskHandle
                0x200016e4        0x4 ./Middlewares/Third_Party/FreeRTOS/Source/timers.o
 .bss.xLastTime.2
                0x200016e8        0x4 ./Middlewares/Third_Party/FreeRTOS/Source/timers.o
 .bss.ucStaticTimerQueueStorage.1
                0x200016ec       0xa0 ./Middlewares/Third_Party/FreeRTOS/Source/timers.o
 .bss.xStaticTimerQueue.0
                0x2000178c       0x50 ./Middlewares/Third_Party/FreeRTOS/Source/timers.o
 .bss.ucMaxSysCallPriority
                0x200017dc        0x1 ./Middlewares/Third_Party/FreeRTOS/Source/portable/GCC/ARM_CM4F/port.o
 *fill*         0x200017dd        0x3 
 .bss.ulMaxPRIGROUPValue
                0x200017e0        0x4 ./Middlewares/Third_Party/FreeRTOS/Source/portable/GCC/ARM_CM4F/port.o
 .bss.ucHeap    0x200017e4     0x3c00 ./Middlewares/Third_Party/FreeRTOS/Source/portable/MemMang/heap_4.o
 .bss.xStart    0x200053e4        0x8 ./Middlewares/Third_Party/FreeRTOS/Source/portable/MemMang/heap_4.o
 .bss.pxEnd     0x200053ec        0x4 ./Middlewares/Third_Party/FreeRTOS/Source/portable/MemMang/heap_4.o
 .bss.xFreeBytesRemaining
                0x200053f0        0x4 ./Middlewares/Third_Party/FreeRTOS/Source/portable/MemMang/heap_4.o
 .bss.xMinimumEverFreeBytesRemaining
                0x200053f4        0x4 ./Middlewares/Third_Party/FreeRTOS/Source/portable/MemMang/heap_4.o
 .bss.xNumberOfSuccessfulAllocations
                0x200053f8        0x4 ./Middlewares/Third_Party/FreeRTOS/Source/portable/MemMang/heap_4.o
 .bss.xNumberOfSuccessfulFrees
                0x200053fc        0x4 ./Middlewares/Third_Party/FreeRTOS/Source/portable/MemMang/heap_4.o
 .bss.xBlockAllocatedBit
                0x20005400        0x4 ./Middlewares/Third_Party/FreeRTOS/Source/portable/MemMang/heap_4.o
 .bss.__sf      0x20005404      0x138 C:/ST/STM32CubeIDE_2.1.0/STM32CubeIDE/plugins/com.st.stm32cube.ide.mcu.externaltools.gnu-tools-for-stm32.14.3.rel1.win32_1.0.100.202602081740/tools/bin/../lib/gcc/arm-none-eabi/14.3.1/../../../../arm-none-eabi/lib/thumb/v7e-m+fp/hard\libc_nano.a(libc_a-findfp.o)
                0x20005404                __sf
 .bss.errno     0x2000553c        0x4 C:/ST/STM32CubeIDE_2.1.0/STM32CubeIDE/plugins/com.st.stm32cube.ide.mcu.externaltools.gnu-tools-for-stm32.14.3.rel1.win32_1.0.100.202602081740/tools/bin/../lib/gcc/arm-none-eabi/14.3.1/../../../../arm-none-eabi/lib/thumb/v7e-m+fp/hard\libc_nano.a(libc_a-reent.o)
                0x2000553c                errno
 .bss.__lock___malloc_recursive_mutex
                0x20005540        0x1 C:/ST/STM32CubeIDE_2.1.0/STM32CubeIDE/plugins/com.st.stm32cube.ide.mcu.externaltools.gnu-tools-for-stm32.14.3.rel1.win32_1.0.100.202602081740/tools/bin/../lib/gcc/arm-none-eabi/14.3.1/../../../../arm-none-eabi/lib/thumb/v7e-m+fp/hard\libc_nano.a(libc_a-lock.o)
                0x20005540                __lock___malloc_recursive_mutex
 *fill*         0x20005541        0x3 
 .bss.__malloc_sbrk_start
                0x20005544        0x4 C:/ST/STM32CubeIDE_2.1.0/STM32CubeIDE/plugins/com.st.stm32cube.ide.mcu.externaltools.gnu-tools-for-stm32.14.3.rel1.win32_1.0.100.202602081740/tools/bin/../lib/gcc/arm-none-eabi/14.3.1/../../../../arm-none-eabi/lib/thumb/v7e-m+fp/hard\libc_nano.a(libc_a-mallocr.o)
                0x20005544                __malloc_sbrk_start
 .bss.__malloc_free_list
                0x20005548        0x4 C:/ST/STM32CubeIDE_2.1.0/STM32CubeIDE/plugins/com.st.stm32cube.ide.mcu.externaltools.gnu-tools-for-stm32.14.3.rel1.win32_1.0.100.202602081740/tools/bin/../lib/gcc/arm-none-eabi/14.3.1/../../../../arm-none-eabi/lib/thumb/v7e-m+fp/hard\libc_nano.a(libc_a-mallocr.o)
                0x20005548                __malloc_free_list
 *(COMMON)
                0x2000554c                        . = ALIGN (0x4)
                0x2000554c                        _ebss = .
                0x2000554c                        __bss_end__ = _ebss

._user_heap_stack
                0x2000554c      0x604 load address 0x0800a8d0
                0x20005550                        . = ALIGN (0x8)
 *fill*         0x2000554c        0x4 
                [!provide]                        PROVIDE (end = .)
                0x20005550                        PROVIDE (_end = .)
                0x20005750                        . = (. + _Min_Heap_Size)
 *fill*         0x20005550      0x200 
                0x20005b50                        . = (. + _Min_Stack_Size)
 *fill*         0x20005750      0x400 
                0x20005b50                        . = ALIGN (0x8)

/DISCARD/
 libc.a(*)
 libm.a(*)
 libgcc.a(*)

.ARM.attributes
                0x00000000       0x30
 *(.ARM.attributes)
 .ARM.attributes
                0x00000000       0x22 C:/ST/STM32CubeIDE_2.1.0/STM32CubeIDE/plugins/com.st.stm32cube.ide.mcu.externaltools.gnu-tools-for-stm32.14.3.rel1.win32_1.0.100.202602081740/tools/bin/../lib/gcc/arm-none-eabi/14.3.1/thumb/v7e-m+fp/hard/crti.o
 .ARM.attributes
                0x00000022       0x34 C:/ST/STM32CubeIDE_2.1.0/STM32CubeIDE/plugins/com.st.stm32cube.ide.mcu.externaltools.gnu-tools-for-stm32.14.3.rel1.win32_1.0.100.202602081740/tools/bin/../lib/gcc/arm-none-eabi/14.3.1/thumb/v7e-m+fp/hard/crtbegin.o
 .ARM.attributes
                0x00000056       0x34 ./Core/Src/DFPLAYER.o
 .ARM.attributes
                0x0000008a       0x34 ./Core/Src/Flash.o
 .ARM.attributes
                0x000000be       0x34 ./Core/Src/I2c.o
 .ARM.attributes
                0x000000f2       0x34 ./Core/Src/Led.o
 .ARM.attributes
                0x00000126       0x34 ./Core/Src/Oled.o
 .ARM.attributes
                0x0000015a       0x34 ./Core/Src/RTC.o
 .ARM.attributes
                0x0000018e       0x34 ./Core/Src/main.o
 .ARM.attributes
                0x000001c2       0x34 ./Core/Src/stm32f4xx_hal_msp.o
 .ARM.attributes
                0x000001f6       0x34 ./Core/Src/stm32f4xx_hal_timebase_tim.o
 .ARM.attributes
                0x0000022a       0x34 ./Core/Src/stm32f4xx_it.o
 .ARM.attributes
                0x0000025e       0x34 ./Core/Src/sysmem.o
 .ARM.attributes
                0x00000292       0x34 ./Core/Src/system_stm32f4xx.o
 .ARM.attributes
                0x000002c6       0x21 ./Core/Startup/startup_stm32f411ceux.o
 .ARM.attributes
                0x000002e7       0x34 ./Drivers/STM32F4xx_HAL_Driver/Src/stm32f4xx_hal.o
 .ARM.attributes
                0x0000031b       0x34 ./Drivers/STM32F4xx_HAL_Driver/Src/stm32f4xx_hal_cortex.o
 .ARM.attributes
                0x0000034f       0x34 ./Drivers/STM32F4xx_HAL_Driver/Src/stm32f4xx_hal_dma.o
 .ARM.attributes
                0x00000383       0x34 ./Drivers/STM32F4xx_HAL_Driver/Src/stm32f4xx_hal_gpio.o
 .ARM.attributes
                0x000003b7       0x34 ./Drivers/STM32F4xx_HAL_Driver/Src/stm32f4xx_hal_i2s.o
 .ARM.attributes
                0x000003eb       0x34 ./Drivers/STM32F4xx_HAL_Driver/Src/stm32f4xx_hal_i2s_ex.o
 .ARM.attributes
                0x0000041f       0x34 ./Drivers/STM32F4xx_HAL_Driver/Src/stm32f4xx_hal_rcc.o
 .ARM.attributes
                0x00000453       0x34 ./Drivers/STM32F4xx_HAL_Driver/Src/stm32f4xx_hal_rcc_ex.o
 .ARM.attributes
                0x00000487       0x34 ./Drivers/STM32F4xx_HAL_Driver/Src/stm32f4xx_hal_tim.o
 .ARM.attributes
                0x000004bb       0x34 ./Drivers/STM32F4xx_HAL_Driver/Src/stm32f4xx_hal_tim_ex.o
 .ARM.attributes
                0x000004ef       0x34 ./Drivers/STM32F4xx_HAL_Driver/Src/stm32f4xx_hal_uart.o
 .ARM.attributes
                0x00000523       0x34 ./Middlewares/Third_Party/FreeRTOS/Source/CMSIS_RTOS_V2/cmsis_os2.o
 .ARM.attributes
                0x00000557       0x34 ./Middlewares/Third_Party/FreeRTOS/Source/list.o
 .ARM.attributes
                0x0000058b       0x34 ./Middlewares/Third_Party/FreeRTOS/Source/queue.o
 .ARM.attributes
                0x000005bf       0x34 ./Middlewares/Third_Party/FreeRTOS/Source/tasks.o
 .ARM.attributes
                0x000005f3       0x34 ./Middlewares/Third_Party/FreeRTOS/Source/timers.o
 .ARM.attributes
                0x00000627       0x34 ./Middlewares/Third_Party/FreeRTOS/Source/portable/GCC/ARM_CM4F/port.o
 .ARM.attributes
                0x0000065b       0x34 ./Middlewares/Third_Party/FreeRTOS/Source/portable/MemMang/heap_4.o
 .ARM.attributes
                0x0000068f       0x34 C:/ST/STM32CubeIDE_2.1.0/STM32CubeIDE/plugins/com.st.stm32cube.ide.mcu.externaltools.gnu-tools-for-stm32.14.3.rel1.win32_1.0.100.202602081740/tools/bin/../lib/gcc/arm-none-eabi/14.3.1/../../../../arm-none-eabi/lib/thumb/v7e-m+fp/hard\libc_nano.a(libc_a-findfp.o)
 .ARM.attributes
                0x000006c3       0x34 C:/ST/STM32CubeIDE_2.1.0/STM32CubeIDE/plugins/com.st.stm32cube.ide.mcu.externaltools.gnu-tools-for-stm32.14.3.rel1.win32_1.0.100.202602081740/tools/bin/../lib/gcc/arm-none-eabi/14.3.1/../../../../arm-none-eabi/lib/thumb/v7e-m+fp/hard\libc_nano.a(libc_a-sprintf.o)
 .ARM.attributes
                0x000006f7       0x34 C:/ST/STM32CubeIDE_2.1.0/STM32CubeIDE/plugins/com.st.stm32cube.ide.mcu.externaltools.gnu-tools-for-stm32.14.3.rel1.win32_1.0.100.202602081740/tools/bin/../lib/gcc/arm-none-eabi/14.3.1/../../../../arm-none-eabi/lib/thumb/v7e-m+fp/hard\libc_nano.a(libc_a-memset.o)
 .ARM.attributes
                0x0000072b       0x34 C:/ST/STM32CubeIDE_2.1.0/STM32CubeIDE/plugins/com.st.stm32cube.ide.mcu.externaltools.gnu-tools-for-stm32.14.3.rel1.win32_1.0.100.202602081740/tools/bin/../lib/gcc/arm-none-eabi/14.3.1/../../../../arm-none-eabi/lib/thumb/v7e-m+fp/hard\libc_nano.a(libc_a-reent.o)
 .ARM.attributes
                0x0000075f       0x34 C:/ST/STM32CubeIDE_2.1.0/STM32CubeIDE/plugins/com.st.stm32cube.ide.mcu.externaltools.gnu-tools-for-stm32.14.3.rel1.win32_1.0.100.202602081740/tools/bin/../lib/gcc/arm-none-eabi/14.3.1/../../../../arm-none-eabi/lib/thumb/v7e-m+fp/hard\libc_nano.a(libc_a-impure.o)
 .ARM.attributes
                0x00000793       0x34 C:/ST/STM32CubeIDE_2.1.0/STM32CubeIDE/plugins/com.st.stm32cube.ide.mcu.externaltools.gnu-tools-for-stm32.14.3.rel1.win32_1.0.100.202602081740/tools/bin/../lib/gcc/arm-none-eabi/14.3.1/../../../../arm-none-eabi/lib/thumb/v7e-m+fp/hard\libc_nano.a(libc_a-errno.o)
 .ARM.attributes
                0x000007c7       0x34 C:/ST/STM32CubeIDE_2.1.0/STM32CubeIDE/plugins/com.st.stm32cube.ide.mcu.externaltools.gnu-tools-for-stm32.14.3.rel1.win32_1.0.100.202602081740/tools/bin/../lib/gcc/arm-none-eabi/14.3.1/../../../../arm-none-eabi/lib/thumb/v7e-m+fp/hard\libc_nano.a(libc_a-init.o)
 .ARM.attributes
                0x000007fb       0x34 C:/ST/STM32CubeIDE_2.1.0/STM32CubeIDE/plugins/com.st.stm32cube.ide.mcu.externaltools.gnu-tools-for-stm32.14.3.rel1.win32_1.0.100.202602081740/tools/bin/../lib/gcc/arm-none-eabi/14.3.1/../../../../arm-none-eabi/lib/thumb/v7e-m+fp/hard\libc_nano.a(libc_a-lock.o)
 .ARM.attributes
                0x0000082f       0x34 C:/ST/STM32CubeIDE_2.1.0/STM32CubeIDE/plugins/com.st.stm32cube.ide.mcu.externaltools.gnu-tools-for-stm32.14.3.rel1.win32_1.0.100.202602081740/tools/bin/../lib/gcc/arm-none-eabi/14.3.1/../../../../arm-none-eabi/lib/thumb/v7e-m+fp/hard\libc_nano.a(libc_a-memcpy-stub.o)
 .ARM.attributes
                0x00000863       0x34 C:/ST/STM32CubeIDE_2.1.0/STM32CubeIDE/plugins/com.st.stm32cube.ide.mcu.externaltools.gnu-tools-for-stm32.14.3.rel1.win32_1.0.100.202602081740/tools/bin/../lib/gcc/arm-none-eabi/14.3.1/../../../../arm-none-eabi/lib/thumb/v7e-m+fp/hard\libc_nano.a(libc_a-freer.o)
 .ARM.attributes
                0x00000897       0x34 C:/ST/STM32CubeIDE_2.1.0/STM32CubeIDE/plugins/com.st.stm32cube.ide.mcu.externaltools.gnu-tools-for-stm32.14.3.rel1.win32_1.0.100.202602081740/tools/bin/../lib/gcc/arm-none-eabi/14.3.1/../../../../arm-none-eabi/lib/thumb/v7e-m+fp/hard\libc_nano.a(libc_a-mallocr.o)
 .ARM.attributes
                0x000008cb       0x34 C:/ST/STM32CubeIDE_2.1.0/STM32CubeIDE/plugins/com.st.stm32cube.ide.mcu.externaltools.gnu-tools-for-stm32.14.3.rel1.win32_1.0.100.202602081740/tools/bin/../lib/gcc/arm-none-eabi/14.3.1/../../../../arm-none-eabi/lib/thumb/v7e-m+fp/hard\libc_nano.a(libc_a-mlock.o)
 .ARM.attributes
                0x000008ff       0x34 C:/ST/STM32CubeIDE_2.1.0/STM32CubeIDE/plugins/com.st.stm32cube.ide.mcu.externaltools.gnu-tools-for-stm32.14.3.rel1.win32_1.0.100.202602081740/tools/bin/../lib/gcc/arm-none-eabi/14.3.1/../../../../arm-none-eabi/lib/thumb/v7e-m+fp/hard\libc_nano.a(libc_a-nano-svfprintf.o)
 .ARM.attributes
                0x00000933       0x34 C:/ST/STM32CubeIDE_2.1.0/STM32CubeIDE/plugins/com.st.stm32cube.ide.mcu.externaltools.gnu-tools-for-stm32.14.3.rel1.win32_1.0.100.202602081740/tools/bin/../lib/gcc/arm-none-eabi/14.3.1/../../../../arm-none-eabi/lib/thumb/v7e-m+fp/hard\libc_nano.a(libc_a-nano-vfprintf_i.o)
 .ARM.attributes
                0x00000967       0x34 C:/ST/STM32CubeIDE_2.1.0/STM32CubeIDE/plugins/com.st.stm32cube.ide.mcu.externaltools.gnu-tools-for-stm32.14.3.rel1.win32_1.0.100.202602081740/tools/bin/../lib/gcc/arm-none-eabi/14.3.1/../../../../arm-none-eabi/lib/thumb/v7e-m+fp/hard\libc_nano.a(libc_a-memmove.o)
 .ARM.attributes
                0x0000099b       0x34 C:/ST/STM32CubeIDE_2.1.0/STM32CubeIDE/plugins/com.st.stm32cube.ide.mcu.externaltools.gnu-tools-for-stm32.14.3.rel1.win32_1.0.100.202602081740/tools/bin/../lib/gcc/arm-none-eabi/14.3.1/../../../../arm-none-eabi/lib/thumb/v7e-m+fp/hard\libc_nano.a(libc_a-sbrkr.o)
 .ARM.attributes
                0x000009cf       0x1c C:/ST/STM32CubeIDE_2.1.0/STM32CubeIDE/plugins/com.st.stm32cube.ide.mcu.externaltools.gnu-tools-for-stm32.14.3.rel1.win32_1.0.100.202602081740/tools/bin/../lib/gcc/arm-none-eabi/14.3.1/../../../../arm-none-eabi/lib/thumb/v7e-m+fp/hard\libc_nano.a(libc_a-memchr.o)
 .ARM.attributes
                0x000009eb       0x34 C:/ST/STM32CubeIDE_2.1.0/STM32CubeIDE/plugins/com.st.stm32cube.ide.mcu.externaltools.gnu-tools-for-stm32.14.3.rel1.win32_1.0.100.202602081740/tools/bin/../lib/gcc/arm-none-eabi/14.3.1/../../../../arm-none-eabi/lib/thumb/v7e-m+fp/hard\libc_nano.a(libc_a-reallocr.o)
 .ARM.attributes
                0x00000a1f       0x34 C:/ST/STM32CubeIDE_2.1.0/STM32CubeIDE/plugins/com.st.stm32cube.ide.mcu.externaltools.gnu-tools-for-stm32.14.3.rel1.win32_1.0.100.202602081740/tools/bin/../lib/gcc/arm-none-eabi/14.3.1/../../../../arm-none-eabi/lib/thumb/v7e-m+fp/hard\libc_nano.a(libc_a-msizer.o)
 .ARM.attributes
                0x00000a53       0x22 C:/ST/STM32CubeIDE_2.1.0/STM32CubeIDE/plugins/com.st.stm32cube.ide.mcu.externaltools.gnu-tools-for-stm32.14.3.rel1.win32_1.0.100.202602081740/tools/bin/../lib/gcc/arm-none-eabi/14.3.1/thumb/v7e-m+fp/hard\libgcc.a(_aeabi_uldivmod.o)
 .ARM.attributes
                0x00000a75       0x34 C:/ST/STM32CubeIDE_2.1.0/STM32CubeIDE/plugins/com.st.stm32cube.ide.mcu.externaltools.gnu-tools-for-stm32.14.3.rel1.win32_1.0.100.202602081740/tools/bin/../lib/gcc/arm-none-eabi/14.3.1/thumb/v7e-m+fp/hard\libgcc.a(_udivmoddi4.o)
 .ARM.attributes
                0x00000aa9       0x22 C:/ST/STM32CubeIDE_2.1.0/STM32CubeIDE/plugins/com.st.stm32cube.ide.mcu.externaltools.gnu-tools-for-stm32.14.3.rel1.win32_1.0.100.202602081740/tools/bin/../lib/gcc/arm-none-eabi/14.3.1/thumb/v7e-m+fp/hard\libgcc.a(_dvmd_tls.o)
 .ARM.attributes
                0x00000acb       0x22 C:/ST/STM32CubeIDE_2.1.0/STM32CubeIDE/plugins/com.st.stm32cube.ide.mcu.externaltools.gnu-tools-for-stm32.14.3.rel1.win32_1.0.100.202602081740/tools/bin/../lib/gcc/arm-none-eabi/14.3.1/thumb/v7e-m+fp/hard/crtn.o
OUTPUT(RTOS_cuoi.elf elf32-littlearm)
LOAD linker stubs
LOAD C:/ST/STM32CubeIDE_2.1.0/STM32CubeIDE/plugins/com.st.stm32cube.ide.mcu.externaltools.gnu-tools-for-stm32.14.3.rel1.win32_1.0.100.202602081740/tools/bin/../lib/gcc/arm-none-eabi/14.3.1/../../../../arm-none-eabi/lib/thumb/v7e-m+fp/hard\libc.a
LOAD C:/ST/STM32CubeIDE_2.1.0/STM32CubeIDE/plugins/com.st.stm32cube.ide.mcu.externaltools.gnu-tools-for-stm32.14.3.rel1.win32_1.0.100.202602081740/tools/bin/../lib/gcc/arm-none-eabi/14.3.1/../../../../arm-none-eabi/lib/thumb/v7e-m+fp/hard\libm.a
LOAD C:/ST/STM32CubeIDE_2.1.0/STM32CubeIDE/plugins/com.st.stm32cube.ide.mcu.externaltools.gnu-tools-for-stm32.14.3.rel1.win32_1.0.100.202602081740/tools/bin/../lib/gcc/arm-none-eabi/14.3.1/thumb/v7e-m+fp/hard\libgcc.a

.debug_info     0x00000000    0x1c0bd
 .debug_info    0x00000000      0xa03 ./Core/Src/DFPLAYER.o
 .debug_info    0x00000a03      0x234 ./Core/Src/Flash.o
 .debug_info    0x00000c37      0x4f3 ./Core/Src/I2c.o
 .debug_info    0x0000112a      0x7d0 ./Core/Src/Led.o
 .debug_info    0x000018fa      0x4ab ./Core/Src/Oled.o
 .debug_info    0x00001da5      0x27b ./Core/Src/RTC.o
 .debug_info    0x00002020     0x2155 ./Core/Src/main.o
 .debug_info    0x00004175     0x12ee ./Core/Src/stm32f4xx_hal_msp.o
 .debug_info    0x00005463      0xb83 ./Core/Src/stm32f4xx_hal_timebase_tim.o
 .debug_info    0x00005fe6      0x717 ./Core/Src/stm32f4xx_it.o
 .debug_info    0x000066fd      0x168 ./Core/Src/sysmem.o
 .debug_info    0x00006865      0x53e ./Core/Src/system_stm32f4xx.o
 .debug_info    0x00006da3       0x30 ./Core/Startup/startup_stm32f411ceux.o
 .debug_info    0x00006dd3      0x8c4 ./Drivers/STM32F4xx_HAL_Driver/Src/stm32f4xx_hal.o
 .debug_info    0x00007697      0xcfc ./Drivers/STM32F4xx_HAL_Driver/Src/stm32f4xx_hal_cortex.o
 .debug_info    0x00008393      0x8e6 ./Drivers/STM32F4xx_HAL_Driver/Src/stm32f4xx_hal_dma.o
 .debug_info    0x00008c79      0x6f9 ./Drivers/STM32F4xx_HAL_Driver/Src/stm32f4xx_hal_gpio.o
 .debug_info    0x00009372      0xe07 ./Drivers/STM32F4xx_HAL_Driver/Src/stm32f4xx_hal_i2s.o
 .debug_info    0x0000a179      0xab3 ./Drivers/STM32F4xx_HAL_Driver/Src/stm32f4xx_hal_i2s_ex.o
 .debug_info    0x0000ac2c      0x904 ./Drivers/STM32F4xx_HAL_Driver/Src/stm32f4xx_hal_rcc.o
 .debug_info    0x0000b530      0x5a1 ./Drivers/STM32F4xx_HAL_Driver/Src/stm32f4xx_hal_rcc_ex.o
 .debug_info    0x0000bad1     0x2996 ./Drivers/STM32F4xx_HAL_Driver/Src/stm32f4xx_hal_tim.o
 .debug_info    0x0000e467     0x14d4 ./Drivers/STM32F4xx_HAL_Driver/Src/stm32f4xx_hal_tim_ex.o
 .debug_info    0x0000f93b     0x2f56 ./Drivers/STM32F4xx_HAL_Driver/Src/stm32f4xx_hal_uart.o
 .debug_info    0x00012891     0x39dd ./Middlewares/Third_Party/FreeRTOS/Source/CMSIS_RTOS_V2/cmsis_os2.o
 .debug_info    0x0001626e      0x2af ./Middlewares/Third_Party/FreeRTOS/Source/list.o
 .debug_info    0x0001651d     0x1b79 ./Middlewares/Third_Party/FreeRTOS/Source/queue.o
 .debug_info    0x00018096     0x21ec ./Middlewares/Third_Party/FreeRTOS/Source/tasks.o
 .debug_info    0x0001a282     0x1488 ./Middlewares/Third_Party/FreeRTOS/Source/timers.o
 .debug_info    0x0001b70a      0x4de ./Middlewares/Third_Party/FreeRTOS/Source/portable/GCC/ARM_CM4F/port.o
 .debug_info    0x0001bbe8      0x4d5 ./Middlewares/Third_Party/FreeRTOS/Source/portable/MemMang/heap_4.o

.debug_abbrev   0x00000000     0x463f
 .debug_abbrev  0x00000000      0x24b ./Core/Src/DFPLAYER.o
 .debug_abbrev  0x0000024b       0xf9 ./Core/Src/Flash.o
 .debug_abbrev  0x00000344      0x13d ./Core/Src/I2c.o
 .debug_abbrev  0x00000481      0x254 ./Core/Src/Led.o
 .debug_abbrev  0x000006d5      0x1cd ./Core/Src/Oled.o
 .debug_abbrev  0x000008a2      0x190 ./Core/Src/RTC.o
 .debug_abbrev  0x00000a32      0x3de ./Core/Src/main.o
 .debug_abbrev  0x00000e10      0x278 ./Core/Src/stm32f4xx_hal_msp.o
 .debug_abbrev  0x00001088      0x207 ./Core/Src/stm32f4xx_hal_timebase_tim.o
 .debug_abbrev  0x0000128f      0x1a9 ./Core/Src/stm32f4xx_it.o
 .debug_abbrev  0x00001438       0xbc ./Core/Src/sysmem.o
 .debug_abbrev  0x000014f4      0x11a ./Core/Src/system_stm32f4xx.o
 .debug_abbrev  0x0000160e       0x24 ./Core/Startup/startup_stm32f411ceux.o
 .debug_abbrev  0x00001632      0x24b ./Drivers/STM32F4xx_HAL_Driver/Src/stm32f4xx_hal.o
 .debug_abbrev  0x0000187d      0x31d ./Drivers/STM32F4xx_HAL_Driver/Src/stm32f4xx_hal_cortex.o
 .debug_abbrev  0x00001b9a      0x221 ./Drivers/STM32F4xx_HAL_Driver/Src/stm32f4xx_hal_dma.o
 .debug_abbrev  0x00001dbb      0x1d3 ./Drivers/STM32F4xx_HAL_Driver/Src/stm32f4xx_hal_gpio.o
 .debug_abbrev  0x00001f8e      0x26c ./Drivers/STM32F4xx_HAL_Driver/Src/stm32f4xx_hal_i2s.o
 .debug_abbrev  0x000021fa      0x285 ./Drivers/STM32F4xx_HAL_Driver/Src/stm32f4xx_hal_i2s_ex.o
 .debug_abbrev  0x0000247f      0x2b6 ./Drivers/STM32F4xx_HAL_Driver/Src/stm32f4xx_hal_rcc.o
 .debug_abbrev  0x00002735      0x1b2 ./Drivers/STM32F4xx_HAL_Driver/Src/stm32f4xx_hal_rcc_ex.o
 .debug_abbrev  0x000028e7      0x28b ./Drivers/STM32F4xx_HAL_Driver/Src/stm32f4xx_hal_tim.o
 .debug_abbrev  0x00002b72      0x296 ./Drivers/STM32F4xx_HAL_Driver/Src/stm32f4xx_hal_tim_ex.o
 .debug_abbrev  0x00002e08      0x31b ./Drivers/STM32F4xx_HAL_Driver/Src/stm32f4xx_hal_uart.o
 .debug_abbrev  0x00003123      0x520 ./Middlewares/Third_Party/FreeRTOS/Source/CMSIS_RTOS_V2/cmsis_os2.o
 .debug_abbrev  0x00003643       0xf5 ./Middlewares/Third_Party/FreeRTOS/Source/list.o
 .debug_abbrev  0x00003738      0x3b6 ./Middlewares/Third_Party/FreeRTOS/Source/queue.o
 .debug_abbrev  0x00003aee      0x386 ./Middlewares/Third_Party/FreeRTOS/Source/tasks.o
 .debug_abbrev  0x00003e74      0x352 ./Middlewares/Third_Party/FreeRTOS/Source/timers.o
 .debug_abbrev  0x000041c6      0x25c ./Middlewares/Third_Party/FreeRTOS/Source/portable/GCC/ARM_CM4F/port.o
 .debug_abbrev  0x00004422      0x21d ./Middlewares/Third_Party/FreeRTOS/Source/portable/MemMang/heap_4.o

.debug_aranges  0x00000000     0x18b8
 .debug_aranges
                0x00000000       0xa0 ./Core/Src/DFPLAYER.o
 .debug_aranges
                0x000000a0       0x30 ./Core/Src/Flash.o
 .debug_aranges
                0x000000d0       0x30 ./Core/Src/I2c.o
 .debug_aranges
                0x00000100       0x40 ./Core/Src/Led.o
 .debug_aranges
                0x00000140       0x68 ./Core/Src/Oled.o
 .debug_aranges
                0x000001a8       0x38 ./Core/Src/RTC.o
 .debug_aranges
                0x000001e0       0xb0 ./Core/Src/main.o
 .debug_aranges
                0x00000290       0x58 ./Core/Src/stm32f4xx_hal_msp.o
 .debug_aranges
                0x000002e8       0x30 ./Core/Src/stm32f4xx_hal_timebase_tim.o
 .debug_aranges
                0x00000318       0x68 ./Core/Src/stm32f4xx_it.o
 .debug_aranges
                0x00000380       0x20 ./Core/Src/sysmem.o
 .debug_aranges
                0x000003a0       0x28 ./Core/Src/system_stm32f4xx.o
 .debug_aranges
                0x000003c8       0x28 ./Core/Startup/startup_stm32f411ceux.o
 .debug_aranges
                0x000003f0       0xf0 ./Drivers/STM32F4xx_HAL_Driver/Src/stm32f4xx_hal.o
 .debug_aranges
                0x000004e0      0x130 ./Drivers/STM32F4xx_HAL_Driver/Src/stm32f4xx_hal_cortex.o
 .debug_aranges
                0x00000610       0x90 ./Drivers/STM32F4xx_HAL_Driver/Src/stm32f4xx_hal_dma.o
 .debug_aranges
                0x000006a0       0x58 ./Drivers/STM32F4xx_HAL_Driver/Src/stm32f4xx_hal_gpio.o
 .debug_aranges