../Core/Src/main.c:95:6:chuyen_doi1	24	static
../Core/Src/main.c:143:6:HAL_GPIO_EXTI_Callback	16	static
../Core/Src/main.c:168:9:Check_Button_Next	8	static
../Core/Src/main.c:200:6:turn_on_off	24	static
../Core/Src/main.c:218:5:main	8	static
../Core/Src/main.c:304:6:SystemClock_Config	88	static
../Core/Src/main.c:351:13:MX_I2S2_Init	8	static
../Core/Src/main.c:385:13:MX_TIM2_Init	48	static
../Core/Src/main.c:434:13:MX_USART2_UART_Init	8	static
../Core/Src/main.c:465:13:MX_DMA_Init	16	static
../Core/Src/main.c:483:13:MX_GPIO_Init	40	static
../Core/Src/main.c:536:6:HAL_I2S_RxHalfCpltCallback	16	static
../Core/Src/main.c:537:6:HAL_I2S_RxCpltCallback	16	static
../Core/Src/main.c:538:6:HAL_I2S_ErrorCallback	16	static
../Core/Src/main.c:543:6:I2C_TimeTask	64	static
../Core/Src/main.c:1038:6:I2C_Time_ClockTask	24	static
../Core/Src/main.c:1075:6:I2S_ledTask	48	static
../Core/Src/main.c:1126:6:HAL_TIM_PeriodElapsedCallback	16	static
../Core/Src/main.c:1144:6:Error_Handler	4	static,ignoring_inline_asm
